Archive member included to satisfy reference by file (symbol)

/Applications/STM32CubeIDE.app/Contents/Eclipse/plugins/com.st.stm32cube.ide.mcu.externaltools.gnu-tools-for-stm32.10.3-2021.10.macos64_1.0.0.202111181127/tools/bin/../lib/gcc/arm-none-eabi/10.3.1/../../../../arm-none-eabi/lib/thumb/v7-m/nofp/libc_nano.a(lib_a-errno.o)
                              ./Core/Src/syscalls.o (__errno)
/Applications/STM32CubeIDE.app/Contents/Eclipse/plugins/com.st.stm32cube.ide.mcu.externaltools.gnu-tools-for-stm32.10.3-2021.10.macos64_1.0.0.202111181127/tools/bin/../lib/gcc/arm-none-eabi/10.3.1/../../../../arm-none-eabi/lib/thumb/v7-m/nofp/libc_nano.a(lib_a-exit.o)
                              /Applications/STM32CubeIDE.app/Contents/Eclipse/plugins/com.st.stm32cube.ide.mcu.externaltools.gnu-tools-for-stm32.10.3-2021.10.macos64_1.0.0.202111181127/tools/bin/../lib/gcc/arm-none-eabi/10.3.1/../../../../arm-none-eabi/lib/thumb/v7-m/nofp/crt0.o (exit)
/Applications/STM32CubeIDE.app/Contents/Eclipse/plugins/com.st.stm32cube.ide.mcu.externaltools.gnu-tools-for-stm32.10.3-2021.10.macos64_1.0.0.202111181127/tools/bin/../lib/gcc/arm-none-eabi/10.3.1/../../../../arm-none-eabi/lib/thumb/v7-m/nofp/libc_nano.a(lib_a-impure.o)
                              /Applications/STM32CubeIDE.app/Contents/Eclipse/plugins/com.st.stm32cube.ide.mcu.externaltools.gnu-tools-for-stm32.10.3-2021.10.macos64_1.0.0.202111181127/tools/bin/../lib/gcc/arm-none-eabi/10.3.1/../../../../arm-none-eabi/lib/thumb/v7-m/nofp/libc_nano.a(lib_a-exit.o) (_global_impure_ptr)
/Applications/STM32CubeIDE.app/Contents/Eclipse/plugins/com.st.stm32cube.ide.mcu.externaltools.gnu-tools-for-stm32.10.3-2021.10.macos64_1.0.0.202111181127/tools/bin/../lib/gcc/arm-none-eabi/10.3.1/../../../../arm-none-eabi/lib/thumb/v7-m/nofp/libc_nano.a(lib_a-init.o)
                              /Applications/STM32CubeIDE.app/Contents/Eclipse/plugins/com.st.stm32cube.ide.mcu.externaltools.gnu-tools-for-stm32.10.3-2021.10.macos64_1.0.0.202111181127/tools/bin/../lib/gcc/arm-none-eabi/10.3.1/../../../../arm-none-eabi/lib/thumb/v7-m/nofp/crt0.o (__libc_init_array)
/Applications/STM32CubeIDE.app/Contents/Eclipse/plugins/com.st.stm32cube.ide.mcu.externaltools.gnu-tools-for-stm32.10.3-2021.10.macos64_1.0.0.202111181127/tools/bin/../lib/gcc/arm-none-eabi/10.3.1/../../../../arm-none-eabi/lib/thumb/v7-m/nofp/libc_nano.a(lib_a-memcpy-stub.o)
                              ./Core/Src/main.o (memcpy)
/Applications/STM32CubeIDE.app/Contents/Eclipse/plugins/com.st.stm32cube.ide.mcu.externaltools.gnu-tools-for-stm32.10.3-2021.10.macos64_1.0.0.202111181127/tools/bin/../lib/gcc/arm-none-eabi/10.3.1/../../../../arm-none-eabi/lib/thumb/v7-m/nofp/libc_nano.a(lib_a-memset.o)
                              /Applications/STM32CubeIDE.app/Contents/Eclipse/plugins/com.st.stm32cube.ide.mcu.externaltools.gnu-tools-for-stm32.10.3-2021.10.macos64_1.0.0.202111181127/tools/bin/../lib/gcc/arm-none-eabi/10.3.1/../../../../arm-none-eabi/lib/thumb/v7-m/nofp/crt0.o (memset)
/Applications/STM32CubeIDE.app/Contents/Eclipse/plugins/com.st.stm32cube.ide.mcu.externaltools.gnu-tools-for-stm32.10.3-2021.10.macos64_1.0.0.202111181127/tools/bin/../lib/gcc/arm-none-eabi/10.3.1/../../../../arm-none-eabi/lib/thumb/v7-m/nofp/libc_nano.a(lib_a-sprintf.o)
                              ./Core/Src/main.o (sprintf)
/Applications/STM32CubeIDE.app/Contents/Eclipse/plugins/com.st.stm32cube.ide.mcu.externaltools.gnu-tools-for-stm32.10.3-2021.10.macos64_1.0.0.202111181127/tools/bin/../lib/gcc/arm-none-eabi/10.3.1/../../../../arm-none-eabi/lib/thumb/v7-m/nofp/libc_nano.a(lib_a-strcpy.o)
                              ./Core/Src/main.o (strcpy)
/Applications/STM32CubeIDE.app/Contents/Eclipse/plugins/com.st.stm32cube.ide.mcu.externaltools.gnu-tools-for-stm32.10.3-2021.10.macos64_1.0.0.202111181127/tools/bin/../lib/gcc/arm-none-eabi/10.3.1/../../../../arm-none-eabi/lib/thumb/v7-m/nofp/libc_nano.a(lib_a-strlen.o)
                              ./Core/Src/main.o (strlen)
/Applications/STM32CubeIDE.app/Contents/Eclipse/plugins/com.st.stm32cube.ide.mcu.externaltools.gnu-tools-for-stm32.10.3-2021.10.macos64_1.0.0.202111181127/tools/bin/../lib/gcc/arm-none-eabi/10.3.1/../../../../arm-none-eabi/lib/thumb/v7-m/nofp/libc_nano.a(lib_a-nano-svfprintf.o)
                              /Applications/STM32CubeIDE.app/Contents/Eclipse/plugins/com.st.stm32cube.ide.mcu.externaltools.gnu-tools-for-stm32.10.3-2021.10.macos64_1.0.0.202111181127/tools/bin/../lib/gcc/arm-none-eabi/10.3.1/../../../../arm-none-eabi/lib/thumb/v7-m/nofp/libc_nano.a(lib_a-sprintf.o) (_svfprintf_r)
/Applications/STM32CubeIDE.app/Contents/Eclipse/plugins/com.st.stm32cube.ide.mcu.externaltools.gnu-tools-for-stm32.10.3-2021.10.macos64_1.0.0.202111181127/tools/bin/../lib/gcc/arm-none-eabi/10.3.1/../../../../arm-none-eabi/lib/thumb/v7-m/nofp/libc_nano.a(lib_a-nano-vfprintf_i.o)
[...]
Memory Configuration

Name             Origin             Length             Attributes
RAM              0x0000000020000000 0x0000000000010000 xrw
FLASH            0x0000000008000000 0x0000000000080000 xr
*default*        0x0000000000000000 0xffffffffffffffff

Linker script and memory map

LOAD /Applications/STM32CubeIDE.app/Contents/Eclipse/plugins/com.st.stm32cube.ide.mcu.externaltools.gnu-tools-for-stm32.10.3-2021.10.macos64_1.0.0.202111181127/tools/bin/../lib/gcc/arm-none-eabi/10.3.1/thumb/v7-m/nofp/crti.o
LOAD /Applications/STM32CubeIDE.app/Contents/Eclipse/plugins/com.st.stm32cube.ide.mcu.externaltools.gnu-tools-for-stm32.10.3-2021.10.macos64_1.0.0.202111181127/tools/bin/../lib/gcc/arm-none-eabi/10.3.1/thumb/v7-m/nofp/crtbegin.o
LOAD /Applications/STM32CubeIDE.app/Contents/Eclipse/plugins/com.st.stm32cube.ide.mcu.externaltools.gnu-tools-for-stm32.10.3-2021.10.macos64_1.0.0.202111181127/tools/bin/../lib/gcc/arm-none-eabi/10.3.1/../../../../arm-none-eabi/lib/thumb/v7-m/nofp/crt0.o
LOAD ./Core/Src/bmi160.o
LOAD ./Core/Src/lcd.o
LOAD ./Core/Src/main.o
LOAD ./Core/Src/max_matrix_stm32.o
LOAD ./Core/Src/stm32f1xx_hal_msp.o
LOAD ./Core/Src/stm32f1xx_it.o
LOAD ./Core/Src/syscalls.o
LOAD ./Core/Src/sysmem.o
LOAD ./Core/Src/system_stm32f1xx.o
LOAD ./Core/Startup/startup_stm32f103vetx.o
LOAD ./Drivers/STM32F1xx_HAL_Driver/Src/stm32f1xx_hal.o
LOAD ./Drivers/STM32F1xx_HAL_Driver/Src/stm32f1xx_hal_cortex.o
LOAD ./Drivers/STM32F1xx_HAL_Driver/Src/stm32f1xx_hal_dma.o
LOAD ./Drivers/STM32F1xx_HAL_Driver/Src/stm32f1xx_hal_exti.o
LOAD ./Drivers/STM32F1xx_HAL_Driver/Src/stm32f1xx_hal_flash.o
LOAD ./Drivers/STM32F1xx_HAL_Driver/Src/stm32f1xx_hal_flash_ex.o
LOAD ./Drivers/STM32F1xx_HAL_Driver/Src/stm32f1xx_hal_gpio.o
LOAD ./Drivers/STM32F1xx_HAL_Driver/Src/stm32f1xx_hal_gpio_ex.o
LOAD ./Drivers/STM32F1xx_HAL_Driver/Src/stm32f1xx_hal_i2c.o
LOAD ./Drivers/STM32F1xx_HAL_Driver/Src/stm32f1xx_hal_pwr.o
LOAD ./Drivers/STM32F1xx_HAL_Driver/Src/stm32f1xx_hal_rcc.o
LOAD ./Drivers/STM32F1xx_HAL_Driver/Src/stm32f1xx_hal_rcc_ex.o
LOAD ./Drivers/STM32F1xx_HAL_Driver/Src/stm32f1xx_hal_sram.o
LOAD ./Drivers/STM32F1xx_HAL_Driver/Src/stm32f1xx_hal_tim.o
LOAD ./Drivers/STM32F1xx_HAL_Driver/Src/stm32f1xx_hal_tim_ex.o
LOAD ./Drivers/STM32F1xx_HAL_Driver/Src/stm32f1xx_hal_uart.o
LOAD ./Drivers/STM32F1xx_HAL_Driver/Src/stm32f1xx_ll_fsmc.o
START GROUP
LOAD /Applications/STM32CubeIDE.app/Contents/Eclipse/plugins/com.st.stm32cube.ide.mcu.externaltools.gnu-tools-for-stm32.10.3-2021.10.macos64_1.0.0.202111181127/tools/bin/../lib/gcc/arm-none-eabi/10.3.1/../../../../arm-none-eabi/lib/thumb/v7-m/nofp/libc_nano.a
LOAD /Applications/STM32CubeIDE.app/Contents/Eclipse/plugins/com.st.stm32cube.ide.mcu.externaltools.gnu-tools-for-stm32.10.3-2021.10.macos64_1.0.0.202111181127/tools/bin/../lib/gcc/arm-none-eabi/10.3.1/../../../../arm-none-eabi/lib/thumb/v7-m/nofp/libm.a
END GROUP
START GROUP
LOAD /Applications/STM32CubeIDE.app/Contents/Eclipse/plugins/com.st.stm32cube.ide.mcu.externaltools.gnu-tools-for-stm32.10.3-2021.10.macos64_1.0.0.202111181127/tools/bin/../lib/gcc/arm-none-eabi/10.3.1/thumb/v7-m/nofp/libgcc.a
LOAD /Applications/STM32CubeIDE.app/Contents/Eclipse/plugins/com.st.stm32cube.ide.mcu.externaltools.gnu-tools-for-stm32.10.3-2021.10.macos64_1.0.0.202111181127/tools/bin/../lib/gcc/arm-none-eabi/10.3.1/../../../../arm-none-eabi/lib/thumb/v7-m/nofp/libc_nano.a
END GROUP
START GROUP
LOAD /Applications/STM32CubeIDE.app/Contents/Eclipse/plugins/com.st.stm32cube.ide.mcu.externaltools.gnu-tools-for-stm32.10.3-2021.10.macos64_1.0.0.202111181127/tools/bin/../lib/gcc/arm-none-eabi/10.3.1/thumb/v7-m/nofp/libgcc.a
LOAD /Applications/STM32CubeIDE.app/Contents/Eclipse/plugins/com.st.stm32cube.ide.mcu.externaltools.gnu-tools-for-stm32.10.3-2021.10.macos64_1.0.0.202111181127/tools/bin/../lib/gcc/arm-none-eabi/10.3.1/../../../../arm-none-eabi/lib/thumb/v7-m/nofp/libc_nano.a
LOAD /Applications/STM32CubeIDE.app/Contents/Eclipse/plugins/com.st.stm32cube.ide.mcu.externaltools.gnu-tools-for-stm32.10.3-2021.10.macos64_1.0.0.202111181127/tools/bin/../lib/gcc/arm-none-eabi/10.3.1/../../../../arm-none-eabi/lib/thumb/v7-m/nofp/libnosys.a
END GROUP
START GROUP
LOAD /Applications/STM32CubeIDE.app/Contents/Eclipse/plugins/com.st.stm32cube.ide.mcu.externaltools.gnu-tools-for-stm32.10.3-2021.10.macos64_1.0.0.202111181127/tools/bin/../lib/gcc/arm-none-eabi/10.3.1/thumb/v7-m/nofp/libgcc.a
LOAD /Applications/STM32CubeIDE.app/Contents/Eclipse/plugins/com.st.stm32cube.ide.mcu.externaltools.gnu-tools-for-stm32.10.3-2021.10.macos64_1.0.0.202111181127/tools/bin/../lib/gcc/arm-none-eabi/10.3.1/../../../../arm-none-eabi/lib/thumb/v7-m/nofp/libc_nano.a
LOAD /Applications/STM32CubeIDE.app/Contents/Eclipse/plugins/com.st.stm32cube.ide.mcu.externaltools.gnu-tools-for-stm32.10.3-2021.10.macos64_1.0.0.202111181127/tools/bin/../lib/gcc/arm-none-eabi/10.3.1/../../../../arm-none-eabi/lib/thumb/v7-m/nofp/libnosys.a
END GROUP
LOAD /Applications/STM32CubeIDE.app/Contents/Eclipse/plugins/com.st.stm32cube.ide.mcu.externaltools.gnu-tools-for-stm32.10.3-2021.10.macos64_1.0.0.202111181127/tools/bin/../lib/gcc/arm-none-eabi/10.3.1/thumb/v7-m/nofp/crtend.o
LOAD /Applications/STM32CubeIDE.app/Contents/Eclipse/plugins/com.st.stm32cube.ide.mcu.externaltools.gnu-tools-for-stm32.10.3-2021.10.macos64_1.0.0.202111181127/tools/bin/../lib/gcc/arm-none-eabi/10.3.1/thumb/v7-m/nofp/crtn.o
                0x0000000020010000                _estack = (ORIGIN (RAM) + LENGTH (RAM))
                0x0000000000000200                _Min_Heap_Size = 0x200
                0x0000000000000400                _Min_Stack_Size = 0x400

.isr_vector     0x0000000008000000      0x1e4
                0x0000000008000000                . = ALIGN (0x4)
 *(.isr_vector)
 .isr_vector    0x0000000008000000      0x1e4 ./Core/Startup/startup_stm32f103vetx.o
                0x0000000008000000                g_pfnVectors
                0x00000000080001e4                . = ALIGN (0x4)

.text           0x00000000080001e8     0x75c8
                0x00000000080001e8                . = ALIGN (0x4)
 *(.text)
 .text          0x00000000080001e8       0x40 /Applications/STM32CubeIDE.app/Contents/Eclipse/plugins/com.st.stm32cube.ide.mcu.externaltools.gnu-tools-for-stm32.10.3-2021.10.macos64_1.0.0.202111181127/tools/bin/../lib/gcc/arm-none-eabi/10.3.1/thumb/v7-m/nofp/crtbegin.o
 .text          0x0000000008000228       0x10 /Applications/STM32CubeIDE.app/Contents/Eclipse/plugins/com.st.stm32cube.ide.mcu.externaltools.gnu-tools-for-stm32.10.3-2021.10.macos64_1.0.0.202111181127/tools/bin/../lib/gcc/arm-none-eabi/10.3.1/../../../../arm-none-eabi/lib/thumb/v7-m/nofp/libc_nano.a(lib_a-strlen.o)
                0x0000000008000228                strlen
 .text          0x0000000008000238      0x378 /Applications/STM32CubeIDE.app/Contents/Eclipse/plugins/com.st.stm32cube.ide.mcu.externaltools.gnu-tools-for-stm32.10.3-2021.10.macos64_1.0.0.202111181127/tools/bin/../lib/gcc/arm-none-eabi/10.3.1/thumb/v7-m/nofp/libgcc.a(_arm_addsubdf3.o)
                0x0000000008000238                __aeabi_drsub
                0x0000000008000240                __subdf3
                0x0000000008000240                __aeabi_dsub
                0x0000000008000244                __aeabi_dadd
                0x0000000008000244                __adddf3
                0x00000000080004bc                __aeabi_ui2d
                0x00000000080004bc                __floatunsidf
                0x00000000080004dc                __floatsidf
                0x00000000080004dc                __aeabi_i2d
                0x0000000008000500                __extendsfdf2
                0x0000000008000500                __aeabi_f2d
                0x0000000008000544                __aeabi_ul2d
                0x0000000008000544                __floatundidf
                0x0000000008000554                __aeabi_l2d
                0x0000000008000554                __floatdidf
 .text          0x00000000080005b0      0x424 /Applications/STM32CubeIDE.app/Contents/Eclipse/plugins/com.st.stm32cube.ide.mcu.externaltools.gnu-tools-for-stm32.10.3-2021.10.macos64_1.0.0.202111181127/tools/bin/../lib/gcc/arm-none-eabi/10.3.1/thumb/v7-m/nofp/libgcc.a(_arm_muldivdf3.o)
                0x00000000080005b0                __aeabi_dmul
                0x00000000080005b0                __muldf3
                0x0000000008000804                __aeabi_ddiv
                0x0000000008000804                __divdf3
 .text          0x00000000080009d4       0x50 /Applications/STM32CubeIDE.app/Contents/Eclipse/plugins/com.st.stm32cube.ide.mcu.externaltools.gnu-tools-for-stm32.10.3-2021.10.macos64_1.0.0.202111181127/tools/bin/../lib/gcc/arm-none-eabi/10.3.1/thumb/v7-m/nofp/libgcc.a(_arm_fixdfsi.o)
                0x00000000080009d4                __fixdfsi
                0x00000000080009d4                __aeabi_d2iz
 .text          0x0000000008000a24       0xa0 /Applications/STM32CubeIDE.app/Contents/Eclipse/plugins/com.st.stm32cube.ide.mcu.externaltools.gnu-tools-for-stm32.10.3-2021.10.macos64_1.0.0.202111181127/tools/bin/../lib/gcc/arm-none-eabi/10.3.1/thumb/v7-m/nofp/libgcc.a(_arm_truncdfsf2.o)
                0x0000000008000a24                __aeabi_d2f
                0x0000000008000a24                __truncdfsf2
 .text          0x0000000008000ac4      0x21c /Applications/STM32CubeIDE.app/Contents/Eclipse/plugins/com.st.stm32cube.ide.mcu.externaltools.gnu-tools-for-stm32.10.3-2021.10.macos64_1.0.0.202111181127/tools/bin/../lib/gcc/arm-none-eabi/10.3.1/thumb/v7-m/nofp/libgcc.a(_arm_addsubsf3.o)
                0x0000000008000ac4                __aeabi_frsub
                0x0000000008000acc                __aeabi_fsub
                0x0000000008000acc                __subsf3
                0x0000000008000ad0                __aeabi_fadd
                0x0000000008000ad0                __addsf3
                0x0000000008000c30                __aeabi_ui2f
                0x0000000008000c30                __floatunsisf
                0x0000000008000c38                __floatsisf
                0x0000000008000c38                __aeabi_i2f
                0x0000000008000c54                __aeabi_ul2f
                0x0000000008000c54                __floatundisf
                0x0000000008000c64                __aeabi_l2f
                0x0000000008000c64                __floatdisf
 .text          0x0000000008000ce0      0x2a0 /Applications/STM32CubeIDE.app/Contents/Eclipse/plugins/com.st.stm32cube.ide.mcu.externaltools.gnu-tools-for-stm32.10.3-2021.10.macos64_1.0.0.202111181127/tools/bin/../lib/gcc/arm-none-eabi/10.3.1/thumb/v7-m/nofp/libgcc.a(_arm_muldivsf3.o)
                0x0000000008000ce0                __mulsf3
                0x0000000008000ce0                __aeabi_fmul
                0x0000000008000e48                __divsf3
                0x0000000008000e48                __aeabi_fdiv
 .text          0x0000000008000f80       0xec /Applications/STM32CubeIDE.app/Contents/Eclipse/plugins/com.st.stm32cube.ide.mcu.externaltools.gnu-tools-for-stm32.10.3-2021.10.macos64_1.0.0.202111181127/tools/bin/../lib/gcc/arm-none-eabi/10.3.1/thumb/v7-m/nofp/libgcc.a(_arm_cmpsf2.o)
                0x0000000008000f80                __gesf2
                0x0000000008000f80                __gtsf2
                0x0000000008000f88                __ltsf2
                0x0000000008000f88                __lesf2
                0x0000000008000f90                __nesf2
                0x0000000008000f90                __eqsf2
                0x0000000008000f90                __cmpsf2
                0x0000000008000ff0                __aeabi_cfrcmple
                0x0000000008000ff8                __aeabi_cfcmpeq
                0x0000000008000ff8                __aeabi_cfcmple
                0x0000000008001008                __aeabi_fcmpeq
                0x000000000800101c                __aeabi_fcmplt
                0x0000000008001030                __aeabi_fcmple
                0x0000000008001044                __aeabi_fcmpge
                0x0000000008001058                __aeabi_fcmpgt
 .text          0x000000000800106c       0x4c /Applications/STM32CubeIDE.app/Contents/Eclipse/plugins/com.st.stm32cube.ide.mcu.externaltools.gnu-tools-for-stm32.10.3-2021.10.macos64_1.0.0.202111181127/tools/bin/../lib/gcc/arm-none-eabi/10.3.1/thumb/v7-m/nofp/libgcc.a(_arm_fixsfsi.o)
                0x000000000800106c                __fixsfsi
                0x000000000800106c                __aeabi_f2iz
 *(.text*)
 .text.Delay    0x00000000080010b8       0x22 ./Core/Src/lcd.o
                0x00000000080010b8                Delay
 .text.LCD_INIT
                0x00000000080010da       0x2e ./Core/Src/lcd.o
                0x00000000080010da                LCD_INIT
 .text.LCD_Rst  0x0000000008001108       0x30 ./Core/Src/lcd.o
                0x0000000008001108                LCD_Rst
 .text.LCD_BackLed_Control
                0x0000000008001138       0x38 ./Core/Src/lcd.o
                0x0000000008001138                LCD_BackLed_Control
 .text.LCD_Write_Cmd
                0x0000000008001170       0x1c ./Core/Src/lcd.o
                0x0000000008001170                LCD_Write_Cmd
 .text.LCD_Write_Data
                0x000000000800118c       0x20 ./Core/Src/lcd.o
                0x000000000800118c                LCD_Write_Data
 .text.LCD_REG_Config
                0x00000000080011ac      0x234 ./Core/Src/lcd.o
                0x00000000080011ac                LCD_REG_Config
 .text.LCD_OpenWindow
                0x00000000080013e0       0xb2 ./Core/Src/lcd.o
                0x00000000080013e0                LCD_OpenWindow
 .text.LCD_FillColor
                0x0000000008001492       0x3c ./Core/Src/lcd.o
                0x0000000008001492                LCD_FillColor
 .text.LCD_Clear
                0x00000000080014ce       0x46 ./Core/Src/lcd.o
                0x00000000080014ce                LCD_Clear
 .text.LCD_DrawChar
                0x0000000008001514       0x8c ./Core/Src/lcd.o
                0x0000000008001514                LCD_DrawChar
 .text.LCD_DrawString
                0x00000000080015a0       0x5e ./Core/Src/lcd.o
                0x00000000080015a0                LCD_DrawString
 *fill*         0x00000000080015fe        0x2 
 .text.HAL_UART_RxCpltCallback
                0x0000000008001600       0x4c ./Core/Src/main.o
                0x0000000008001600                HAL_UART_RxCpltCallback
 .text.HAL_GPIO_EXTI_Callback
                0x000000000800164c       0x5c ./Core/Src/main.o
                0x000000000800164c                HAL_GPIO_EXTI_Callback
 .text.check_bike_stopped
                0x00000000080016a8       0x74 ./Core/Src/main.o
                0x00000000080016a8                check_bike_stopped
 *fill*         0x000000000800171c        0x4 
 .text.main     0x0000000008001720      0xb50 ./Core/Src/main.o
                0x0000000008001720                main
 .text.SystemClock_Config
                0x0000000008002270       0x88 ./Core/Src/main.o
                0x0000000008002270                SystemClock_Config
 .text.MX_I2C2_Init
                0x00000000080022f8       0x5c ./Core/Src/main.o
 .text.MX_TIM1_Init
                0x0000000008002354      0x140 ./Core/Src/main.o
 .text.MX_TIM3_Init
                0x0000000008002494       0xf0 ./Core/Src/main.o
 .text.MX_USART2_UART_Init
                0x0000000008002584       0x54 ./Core/Src/main.o
 .text.MX_GPIO_Init
                0x00000000080025d8      0x188 ./Core/Src/main.o
 .text.MX_FSMC_Init
                0x0000000008002760       0xc8 ./Core/Src/main.o
 .text.Error_Handler
                0x0000000008002828        0xa ./Core/Src/main.o
                0x0000000008002828                Error_Handler
 *fill*         0x0000000008002832        0x2 
 .text.write_byte
                0x0000000008002834       0x58 ./Core/Src/max_matrix_stm32.o
                0x0000000008002834                write_byte
 .text.write_max_cmd
                0x000000000800288c       0x5c ./Core/Src/max_matrix_stm32.o
                0x000000000800288c                write_max_cmd
 .text.setled   0x00000000080028e8       0xd4 ./Core/Src/max_matrix_stm32.o
                0x00000000080028e8                setled
 .text.setrow   0x00000000080029bc       0xa0 ./Core/Src/max_matrix_stm32.o
                0x00000000080029bc                setrow
 .text.scroll_char
                0x0000000008002a5c       0xe0 ./Core/Src/max_matrix_stm32.o
                0x0000000008002a5c                scroll_char
 .text.max_clear
                0x0000000008002b3c       0x5c ./Core/Src/max_matrix_stm32.o
                0x0000000008002b3c                max_clear
 .text.shiftleft
                0x0000000008002b98       0x70 ./Core/Src/max_matrix_stm32.o
                0x0000000008002b98                shiftleft
 .text.shiftright
                0x0000000008002c08       0x6c ./Core/Src/max_matrix_stm32.o
                0x0000000008002c08                shiftright
 .text.max_init
                0x0000000008002c74       0x40 ./Core/Src/max_matrix_stm32.o
                0x0000000008002c74                max_init
 .text.HAL_MspInit
                0x0000000008002cb4       0x64 ./Core/Src/stm32f1xx_hal_msp.o
                0x0000000008002cb4                HAL_MspInit
 .text.HAL_I2C_MspInit
                0x0000000008002d18       0x80 ./Core/Src/stm32f1xx_hal_msp.o
                0x0000000008002d18                HAL_I2C_MspInit
 .text.HAL_TIM_Base_MspInit
                0x0000000008002d98       0x64 ./Core/Src/stm32f1xx_hal_msp.o
                0x0000000008002d98                HAL_TIM_Base_MspInit
 .text.HAL_TIM_MspPostInit
                0x0000000008002dfc       0xd4 ./Core/Src/stm32f1xx_hal_msp.o
                0x0000000008002dfc                HAL_TIM_MspPostInit
 .text.HAL_UART_MspInit
                0x0000000008002ed0       0xa4 ./Core/Src/stm32f1xx_hal_msp.o
                0x0000000008002ed0                HAL_UART_MspInit
 .text.HAL_FSMC_MspInit
                0x0000000008002f74       0x88 ./Core/Src/stm32f1xx_hal_msp.o
 .text.HAL_SRAM_MspInit
                0x0000000008002ffc       0x14 ./Core/Src/stm32f1xx_hal_msp.o
                0x0000000008002ffc                HAL_SRAM_MspInit
 .text.NMI_Handler
                0x0000000008003010        0x6 ./Core/Src/stm32f1xx_it.o
                0x0000000008003010                NMI_Handler
 .text.HardFault_Handler
                0x0000000008003016        0x6 ./Core/Src/stm32f1xx_it.o
                0x0000000008003016                HardFault_Handler
 .text.MemManage_Handler
                0x000000000800301c        0x6 ./Core/Src/stm32f1xx_it.o
                0x000000000800301c                MemManage_Handler
 .text.BusFault_Handler
                0x0000000008003022        0x6 ./Core/Src/stm32f1xx_it.o
                0x0000000008003022                BusFault_Handler
 .text.UsageFault_Handler
                0x0000000008003028        0x6 ./Core/Src/stm32f1xx_it.o
                0x0000000008003028                UsageFault_Handler
 .text.SVC_Handler
                0x000000000800302e        0xc ./Core/Src/stm32f1xx_it.o
                0x000000000800302e                SVC_Handler
 .text.DebugMon_Handler
                0x000000000800303a        0xc ./Core/Src/stm32f1xx_it.o
                0x000000000800303a                DebugMon_Handler
 .text.PendSV_Handler
                0x0000000008003046        0xc ./Core/Src/stm32f1xx_it.o
                0x0000000008003046                PendSV_Handler
 .text.SysTick_Handler
                0x0000000008003052        0xc ./Core/Src/stm32f1xx_it.o
                0x0000000008003052                SysTick_Handler
 .text.EXTI9_5_IRQHandler
                0x000000000800305e        0xe ./Core/Src/stm32f1xx_it.o
                0x000000000800305e                EXTI9_5_IRQHandler
 .text.USART2_IRQHandler
                0x000000000800306c       0x14 ./Core/Src/stm32f1xx_it.o
                0x000000000800306c                USART2_IRQHandler
 .text._sbrk    0x0000000008003080       0x6c ./Core/Src/sysmem.o
                0x0000000008003080                _sbrk
 .text.SystemInit
                0x00000000080030ec        0xc ./Core/Src/system_stm32f1xx.o
                0x00000000080030ec                SystemInit
 .text.Reset_Handler
                0x00000000080030f8       0x48 ./Core/Startup/startup_stm32f103vetx.o
                0x00000000080030f8                Reset_Handler
 .text.Default_Handler
                0x0000000008003140        0x2 ./Core/Startup/startup_stm32f103vetx.o
                0x0000000008003140                DMA2_Channel3_IRQHandler
                0x0000000008003140                EXTI2_IRQHandler
                0x0000000008003140                TIM8_TRG_COM_IRQHandler
                0x0000000008003140                TIM8_CC_IRQHandler
                0x0000000008003140                TIM1_CC_IRQHandler
                0x0000000008003140                TIM6_IRQHandler
                0x0000000008003140                PVD_IRQHandler
                0x0000000008003140                SDIO_IRQHandler
                0x0000000008003140                EXTI3_IRQHandler
                0x0000000008003140                EXTI0_IRQHandler
                0x0000000008003140                I2C2_EV_IRQHandler
                0x0000000008003140                ADC1_2_IRQHandler
                0x0000000008003140                SPI1_IRQHandler
                0x0000000008003140                TAMPER_IRQHandler
                0x0000000008003140                TIM8_UP_IRQHandler
                0x0000000008003140                DMA2_Channel2_IRQHandler
                0x0000000008003140                DMA1_Channel4_IRQHandler
                0x0000000008003140                USART3_IRQHandler
                0x0000000008003140                RTC_IRQHandler
                0x0000000008003140                DMA1_Channel7_IRQHandler
                0x0000000008003140                CAN1_RX1_IRQHandler
                0x0000000008003140                UART5_IRQHandler
                0x0000000008003140                ADC3_IRQHandler
                0x0000000008003140                TIM4_IRQHandler
                0x0000000008003140                DMA2_Channel1_IRQHandler
                0x0000000008003140                I2C1_EV_IRQHandler
                0x0000000008003140                DMA1_Channel6_IRQHandler
                0x0000000008003140                UART4_IRQHandler
                0x0000000008003140                TIM3_IRQHandler
                0x0000000008003140                RCC_IRQHandler
                0x0000000008003140                TIM1_TRG_COM_IRQHandler
                0x0000000008003140                DMA1_Channel1_IRQHandler
                0x0000000008003140                Default_Handler
                0x0000000008003140                EXTI15_10_IRQHandler
                0x0000000008003140                TIM7_IRQHandler
                0x0000000008003140                TIM5_IRQHandler
                0x0000000008003140                SPI2_IRQHandler
                0x0000000008003140                DMA1_Channel5_IRQHandler
                0x0000000008003140                EXTI4_IRQHandler
                0x0000000008003140                USB_LP_CAN1_RX0_IRQHandler
                0x0000000008003140                USB_HP_CAN1_TX_IRQHandler
                0x0000000008003140                DMA1_Channel3_IRQHandler
                0x0000000008003140                FSMC_IRQHandler
                0x0000000008003140                TIM1_UP_IRQHandler
                0x0000000008003140                WWDG_IRQHandler
                0x0000000008003140                TIM2_IRQHandler
                0x0000000008003140                TIM1_BRK_IRQHandler
                0x0000000008003140                EXTI1_IRQHandler
                0x0000000008003140                DMA2_Channel4_5_IRQHandler
                0x0000000008003140                I2C2_ER_IRQHandler
                0x0000000008003140                DMA1_Channel2_IRQHandler
                0x0000000008003140                TIM8_BRK_IRQHandler
                0x0000000008003140                CAN1_SCE_IRQHandler
                0x0000000008003140                FLASH_IRQHandler
                0x0000000008003140                USART1_IRQHandler
                0x0000000008003140                SPI3_IRQHandler
                0x0000000008003140                I2C1_ER_IRQHandler
                0x0000000008003140                USBWakeUp_IRQHandler
                0x0000000008003140                RTC_Alarm_IRQHandler
 *fill*         0x0000000008003142        0x2 
 .text.HAL_Init
                0x0000000008003144       0x2c ./Drivers/STM32F1xx_HAL_Driver/Src/stm32f1xx_hal.o
                0x0000000008003144                HAL_Init
 .text.HAL_InitTick
                0x0000000008003170       0x60 ./Drivers/STM32F1xx_HAL_Driver/Src/stm32f1xx_hal.o
                0x0000000008003170                HAL_InitTick
 .text.HAL_IncTick
                0x00000000080031d0       0x24 ./Drivers/STM32F1xx_HAL_Driver/Src/stm32f1xx_hal.o
                0x00000000080031d0                HAL_IncTick
 .text.HAL_GetTick
                0x00000000080031f4       0x14 ./Drivers/STM32F1xx_HAL_Driver/Src/stm32f1xx_hal.o
                0x00000000080031f4                HAL_GetTick
 .text.HAL_Delay
                0x0000000008003208       0x48 ./Drivers/STM32F1xx_HAL_Driver/Src/stm32f1xx_hal.o
                0x0000000008003208                HAL_Delay
 .text.__NVIC_SetPriorityGrouping
                0x0000000008003250       0x48 ./Drivers/STM32F1xx_HAL_Driver/Src/stm32f1xx_hal_cortex.o
 .text.__NVIC_GetPriorityGrouping
                0x0000000008003298       0x1c ./Drivers/STM32F1xx_HAL_Driver/Src/stm32f1xx_hal_cortex.o
 .text.__NVIC_EnableIRQ
                0x00000000080032b4       0x38 ./Drivers/STM32F1xx_HAL_Driver/Src/stm32f1xx_hal_cortex.o
 .text.__NVIC_SetPriority
                0x00000000080032ec       0x54 ./Drivers/STM32F1xx_HAL_Driver/Src/stm32f1xx_hal_cortex.o
 .text.NVIC_EncodePriority
                0x0000000008003340       0x64 ./Drivers/STM32F1xx_HAL_Driver/Src/stm32f1xx_hal_cortex.o
 .text.SysTick_Config
                0x00000000080033a4       0x44 ./Drivers/STM32F1xx_HAL_Driver/Src/stm32f1xx_hal_cortex.o
 .text.HAL_NVIC_SetPriorityGrouping
                0x00000000080033e8       0x16 ./Drivers/STM32F1xx_HAL_Driver/Src/stm32f1xx_hal_cortex.o
                0x00000000080033e8                HAL_NVIC_SetPriorityGrouping
 .text.HAL_NVIC_SetPriority
                0x00000000080033fe       0x38 ./Drivers/STM32F1xx_HAL_Driver/Src/stm32f1xx_hal_cortex.o
                0x00000000080033fe                HAL_NVIC_SetPriority
 .text.HAL_NVIC_EnableIRQ
                0x0000000008003436       0x1c ./Drivers/STM32F1xx_HAL_Driver/Src/stm32f1xx_hal_cortex.o
                0x0000000008003436                HAL_NVIC_EnableIRQ
 .text.HAL_SYSTICK_Config
                0x0000000008003452       0x18 ./Drivers/STM32F1xx_HAL_Driver/Src/stm32f1xx_hal_cortex.o
                0x0000000008003452                HAL_SYSTICK_Config
 .text.HAL_DMA_Abort
                0x000000000800346a       0x74 ./Drivers/STM32F1xx_HAL_Driver/Src/stm32f1xx_hal_dma.o
                0x000000000800346a                HAL_DMA_Abort
 *fill*         0x00000000080034de        0x2 
 .text.HAL_DMA_Abort_IT
                0x00000000080034e0      0x210 ./Drivers/STM32F1xx_HAL_Driver/Src/stm32f1xx_hal_dma.o
                0x00000000080034e0                HAL_DMA_Abort_IT
 .text.HAL_GPIO_Init
                0x00000000080036f0      0x328 ./Drivers/STM32F1xx_HAL_Driver/Src/stm32f1xx_hal_gpio.o
                0x00000000080036f0                HAL_GPIO_Init
 .text.HAL_GPIO_ReadPin
                0x0000000008003a18       0x2e ./Drivers/STM32F1xx_HAL_Driver/Src/stm32f1xx_hal_gpio.o
                0x0000000008003a18                HAL_GPIO_ReadPin
 .text.HAL_GPIO_WritePin
                0x0000000008003a46       0x30 ./Drivers/STM32F1xx_HAL_Driver/Src/stm32f1xx_hal_gpio.o
                0x0000000008003a46                HAL_GPIO_WritePin
 *fill*         0x0000000008003a76        0x2 
 .text.HAL_GPIO_EXTI_IRQHandler
                0x0000000008003a78       0x30 ./Drivers/STM32F1xx_HAL_Driver/Src/stm32f1xx_hal_gpio.o
                0x0000000008003a78                HAL_GPIO_EXTI_IRQHandler
 .text.HAL_I2C_Init
                0x0000000008003aa8      0x288 ./Drivers/STM32F1xx_HAL_Driver/Src/stm32f1xx_hal_i2c.o
                0x0000000008003aa8                HAL_I2C_Init
 .text.HAL_I2C_Mem_Write
                0x0000000008003d30      0x1f4 ./Drivers/STM32F1xx_HAL_Driver/Src/stm32f1xx_hal_i2c.o
                0x0000000008003d30                HAL_I2C_Mem_Write
 .text.HAL_I2C_Mem_Read
                0x0000000008003f24      0x4d0 ./Drivers/STM32F1xx_HAL_Driver/Src/stm32f1xx_hal_i2c.o
                0x0000000008003f24                HAL_I2C_Mem_Read
 .text.I2C_RequestMemoryWrite
                0x00000000080043f4      0x12c ./Drivers/STM32F1xx_HAL_Driver/Src/stm32f1xx_hal_i2c.o
 .text.I2C_RequestMemoryRead
                0x0000000008004520      0x1d0 ./Drivers/STM32F1xx_HAL_Driver/Src/stm32f1xx_hal_i2c.o
 .text.I2C_WaitOnFlagUntilTimeout
                0x00000000080046f0       0xae ./Drivers/STM32F1xx_HAL_Driver/Src/stm32f1xx_hal_i2c.o
 .text.I2C_WaitOnMasterAddressFlagUntilTimeout
                0x000000000800479e       0xfe ./Drivers/STM32F1xx_HAL_Driver/Src/stm32f1xx_hal_i2c.o
 .text.I2C_WaitOnTXEFlagUntilTimeout
                0x000000000800489c       0x82 ./Drivers/STM32F1xx_HAL_Driver/Src/stm32f1xx_hal_i2c.o
 .text.I2C_WaitOnBTFFlagUntilTimeout
                0x000000000800491e       0x82 ./Drivers/STM32F1xx_HAL_Driver/Src/stm32f1xx_hal_i2c.o
 .text.I2C_WaitOnRXNEFlagUntilTimeout
                0x00000000080049a0       0xac ./Drivers/STM32F1xx_HAL_Driver/Src/stm32f1xx_hal_i2c.o
 .text.I2C_IsAcknowledgeFailed
                0x0000000008004a4c       0x5c ./Drivers/STM32F1xx_HAL_Driver/Src/stm32f1xx_hal_i2c.o
 .text.HAL_RCC_OscConfig
                0x0000000008004aa8      0x504 ./Drivers/STM32F1xx_HAL_Driver/Src/stm32f1xx_hal_rcc.o
                0x0000000008004aa8                HAL_RCC_OscConfig
 .text.HAL_RCC_ClockConfig
                0x0000000008004fac      0x1d4 ./Drivers/STM32F1xx_HAL_Driver/Src/stm32f1xx_hal_rcc.o
                0x0000000008004fac                HAL_RCC_ClockConfig
 .text.HAL_RCC_GetSysClockFreq
                0x0000000008005180       0xbc ./Drivers/STM32F1xx_HAL_Driver/Src/stm32f1xx_hal_rcc.o
                0x0000000008005180                HAL_RCC_GetSysClockFreq
 .text.HAL_RCC_GetHCLKFreq
                0x000000000800523c       0x14 ./Drivers/STM32F1xx_HAL_Driver/Src/stm32f1xx_hal_rcc.o
                0x000000000800523c                HAL_RCC_GetHCLKFreq
 .text.HAL_RCC_GetPCLK1Freq
                0x0000000008005250       0x28 ./Drivers/STM32F1xx_HAL_Driver/Src/stm32f1xx_hal_rcc.o
                0x0000000008005250                HAL_RCC_GetPCLK1Freq
 .text.HAL_RCC_GetPCLK2Freq
                0x0000000008005278       0x28 ./Drivers/STM32F1xx_HAL_Driver/Src/stm32f1xx_hal_rcc.o
                0x0000000008005278                HAL_RCC_GetPCLK2Freq
 .text.RCC_Delay
                0x00000000080052a0       0x3c ./Drivers/STM32F1xx_HAL_Driver/Src/stm32f1xx_hal_rcc.o
 .text.HAL_SRAM_Init
                0x00000000080052dc       0x9a ./Drivers/STM32F1xx_HAL_Driver/Src/stm32f1xx_hal_sram.o
                0x00000000080052dc                HAL_SRAM_Init
 .text.HAL_TIM_Base_Init
                0x0000000008005376       0x9e ./Drivers/STM32F1xx_HAL_Driver/Src/stm32f1xx_hal_tim.o
                0x0000000008005376                HAL_TIM_Base_Init
 .text.HAL_TIM_PWM_Init
                0x0000000008005414       0x9e ./Drivers/STM32F1xx_HAL_Driver/Src/stm32f1xx_hal_tim.o
                0x0000000008005414                HAL_TIM_PWM_Init
 .text.HAL_TIM_PWM_MspInit
                0x00000000080054b2       0x12 ./Drivers/STM32F1xx_HAL_Driver/Src/stm32f1xx_hal_tim.o
                0x00000000080054b2                HAL_TIM_PWM_MspInit
 .text.HAL_TIM_PWM_Start
                0x00000000080054c4      0x174 ./Drivers/STM32F1xx_HAL_Driver/Src/stm32f1xx_hal_tim.o
                0x00000000080054c4                HAL_TIM_PWM_Start
 .text.HAL_TIM_PWM_ConfigChannel
                0x0000000008005638      0x17c ./Drivers/STM32F1xx_HAL_Driver/Src/stm32f1xx_hal_tim.o
                0x0000000008005638                HAL_TIM_PWM_ConfigChannel
 .text.HAL_TIM_ConfigClockSource
                0x00000000080057b4      0x188 ./Drivers/STM32F1xx_HAL_Driver/Src/stm32f1xx_hal_tim.o
                0x00000000080057b4                HAL_TIM_ConfigClockSource
 .text.HAL_TIM_SlaveConfigSynchro
                0x000000000800593c       0x84 ./Drivers/STM32F1xx_HAL_Driver/Src/stm32f1xx_hal_tim.o
                0x000000000800593c                HAL_TIM_SlaveConfigSynchro
 .text.TIM_Base_SetConfig
                0x00000000080059c0       0xf4 ./Drivers/STM32F1xx_HAL_Driver/Src/stm32f1xx_hal_tim.o
                0x00000000080059c0                TIM_Base_SetConfig
 .text.TIM_OC1_SetConfig
                0x0000000008005ab4       0xe0 ./Drivers/STM32F1xx_HAL_Driver/Src/stm32f1xx_hal_tim.o
 .text.TIM_OC2_SetConfig
                0x0000000008005b94       0xe8 ./Drivers/STM32F1xx_HAL_Driver/Src/stm32f1xx_hal_tim.o
                0x0000000008005b94                TIM_OC2_SetConfig
 .text.TIM_OC3_SetConfig
                0x0000000008005c7c       0xe8 ./Drivers/STM32F1xx_HAL_Driver/Src/stm32f1xx_hal_tim.o
 .text.TIM_OC4_SetConfig
                0x0000000008005d64       0xa8 ./Drivers/STM32F1xx_HAL_Driver/Src/stm32f1xx_hal_tim.o
 .text.TIM_SlaveTimer_SetConfig
                0x0000000008005e0c      0x11c ./Drivers/STM32F1xx_HAL_Driver/Src/stm32f1xx_hal_tim.o
 .text.TIM_TI1_ConfigInputStage
                0x0000000008005f28       0x5c ./Drivers/STM32F1xx_HAL_Driver/Src/stm32f1xx_hal_tim.o
 .text.TIM_TI2_ConfigInputStage
                0x0000000008005f84       0x5e ./Drivers/STM32F1xx_HAL_Driver/Src/stm32f1xx_hal_tim.o
 .text.TIM_ITRx_SetConfig
                0x0000000008005fe2       0x34 ./Drivers/STM32F1xx_HAL_Driver/Src/stm32f1xx_hal_tim.o
 .text.TIM_ETR_SetConfig
                0x0000000008006016       0x3e ./Drivers/STM32F1xx_HAL_Driver/Src/stm32f1xx_hal_tim.o
                0x0000000008006016                TIM_ETR_SetConfig
 .text.TIM_CCxChannelCmd
                0x0000000008006054       0x48 ./Drivers/STM32F1xx_HAL_Driver/Src/stm32f1xx_hal_tim.o
                0x0000000008006054                TIM_CCxChannelCmd
 .text.HAL_TIMEx_MasterConfigSynchronization
                0x000000000800609c       0xd8 ./Drivers/STM32F1xx_HAL_Driver/Src/stm32f1xx_hal_tim_ex.o
                0x000000000800609c                HAL_TIMEx_MasterConfigSynchronization
 .text.HAL_TIMEx_ConfigBreakDeadTime
                0x0000000008006174       0xa2 ./Drivers/STM32F1xx_HAL_Driver/Src/stm32f1xx_hal_tim_ex.o
                0x0000000008006174                HAL_TIMEx_ConfigBreakDeadTime
 .text.HAL_UART_Init
                0x0000000008006216       0x9a ./Drivers/STM32F1xx_HAL_Driver/Src/stm32f1xx_hal_uart.o
                0x0000000008006216                HAL_UART_Init
 .text.HAL_UART_Transmit
                0x00000000080062b0      0x124 ./Drivers/STM32F1xx_HAL_Driver/Src/stm32f1xx_hal_uart.o
                0x00000000080062b0                HAL_UART_Transmit
 .text.HAL_UART_Receive_IT
                0x00000000080063d4       0x60 ./Drivers/STM32F1xx_HAL_Driver/Src/stm32f1xx_hal_uart.o
                0x00000000080063d4                HAL_UART_Receive_IT
 .text.HAL_UART_IRQHandler
                0x0000000008006434      0x354 ./Drivers/STM32F1xx_HAL_Driver/Src/stm32f1xx_hal_uart.o
                0x0000000008006434                HAL_UART_IRQHandler
 .text.HAL_UART_TxCpltCallback
                0x0000000008006788       0x12 ./Drivers/STM32F1xx_HAL_Driver/Src/stm32f1xx_hal_uart.o
                0x0000000008006788                HAL_UART_TxCpltCallback
 .text.HAL_UART_ErrorCallback
                0x000000000800679a       0x12 ./Drivers/STM32F1xx_HAL_Driver/Src/stm32f1xx_hal_uart.o
                0x000000000800679a                HAL_UART_ErrorCallback
 .text.HAL_UARTEx_RxEventCallback
                0x00000000080067ac       0x16 ./Drivers/STM32F1xx_HAL_Driver/Src/stm32f1xx_hal_uart.o
                0x00000000080067ac                HAL_UARTEx_RxEventCallback
 .text.UART_WaitOnFlagUntilTimeout
                0x00000000080067c2       0x94 ./Drivers/STM32F1xx_HAL_Driver/Src/stm32f1xx_hal_uart.o
 .text.UART_Start_Receive_IT
                0x0000000008006856       0x72 ./Drivers/STM32F1xx_HAL_Driver/Src/stm32f1xx_hal_uart.o
                0x0000000008006856                UART_Start_Receive_IT
 .text.UART_EndRxTransfer
                0x00000000080068c8       0x58 ./Drivers/STM32F1xx_HAL_Driver/Src/stm32f1xx_hal_uart.o
 .text.UART_DMAAbortOnError
                0x0000000008006920       0x28 ./Drivers/STM32F1xx_HAL_Driver/Src/stm32f1xx_hal_uart.o
 .text.UART_Transmit_IT
                0x0000000008006948       0x9e ./Drivers/STM32F1xx_HAL_Driver/Src/stm32f1xx_hal_uart.o
 .text.UART_EndTransmit_IT
                0x00000000080069e6       0x30 ./Drivers/STM32F1xx_HAL_Driver/Src/stm32f1xx_hal_uart.o
 .text.UART_Receive_IT
                0x0000000008006a16      0x152 ./Drivers/STM32F1xx_HAL_Driver/Src/stm32f1xx_hal_uart.o
 .text.UART_SetConfig
                0x0000000008006b68      0x11c ./Drivers/STM32F1xx_HAL_Driver/Src/stm32f1xx_hal_uart.o
 .text.FSMC_NORSRAM_Init
                0x0000000008006c84       0xd4 ./Drivers/STM32F1xx_HAL_Driver/Src/stm32f1xx_ll_fsmc.o
                0x0000000008006c84                FSMC_NORSRAM_Init
 .text.FSMC_NORSRAM_Timing_Init
                0x0000000008006d58       0x68 ./Drivers/STM32F1xx_HAL_Driver/Src/stm32f1xx_ll_fsmc.o
                0x0000000008006d58                FSMC_NORSRAM_Timing_Init
 .text.FSMC_NORSRAM_Extended_Timing_Init
                0x0000000008006dc0       0x70 ./Drivers/STM32F1xx_HAL_Driver/Src/stm32f1xx_ll_fsmc.o
                0x0000000008006dc0                FSMC_NORSRAM_Extended_Timing_Init
 .text.__errno  0x0000000008006e30        0xc /Applications/STM32CubeIDE.app/Contents/Eclipse/plugins/com.st.stm32cube.ide.mcu.externaltools.gnu-tools-for-stm32.10.3-2021.10.macos64_1.0.0.202111181127/tools/bin/../lib/gcc/arm-none-eabi/10.3.1/../../../../arm-none-eabi/lib/thumb/v7-m/nofp/libc_nano.a(lib_a-errno.o)
                0x0000000008006e30                __errno
 .text.__libc_init_array
                0x0000000008006e3c       0x48 /Applications/STM32CubeIDE.app/Contents/Eclipse/plugins/com.st.stm32cube.ide.mcu.externaltools.gnu-tools-for-stm32.10.3-2021.10.macos64_1.0.0.202111181127/tools/bin/../lib/gcc/arm-none-eabi/10.3.1/../../../../arm-none-eabi/lib/thumb/v7-m/nofp/libc_nano.a(lib_a-init.o)
                0x0000000008006e3c                __libc_init_array
 .text.memcpy   0x0000000008006e84       0x1c /Applications/STM32CubeIDE.app/Contents/Eclipse/plugins/com.st.stm32cube.ide.mcu.externaltools.gnu-tools-for-stm32.10.3-2021.10.macos64_1.0.0.202111181127/tools/bin/../lib/gcc/arm-none-eabi/10.3.1/../../../../arm-none-eabi/lib/thumb/v7-m/nofp/libc_nano.a(lib_a-memcpy-stub.o)
                0x0000000008006e84                memcpy
 .text.memset   0x0000000008006ea0       0x10 /Applications/STM32CubeIDE.app/Contents/Eclipse/plugins/com.st.stm32cube.ide.mcu.externaltools.gnu-tools-for-stm32.10.3-2021.10.macos64_1.0.0.202111181127/tools/bin/../lib/gcc/arm-none-eabi/10.3.1/../../../../arm-none-eabi/lib/thumb/v7-m/nofp/libc_nano.a(lib_a-memset.o)
                0x0000000008006ea0                memset
 .text.sprintf  0x0000000008006eb0       0x40 /Applications/STM32CubeIDE.app/Contents/Eclipse/plugins/com.st.stm32cube.ide.mcu.externaltools.gnu-tools-for-stm32.10.3-2021.10.macos64_1.0.0.202111181127/tools/bin/../lib/gcc/arm-none-eabi/10.3.1/../../../../arm-none-eabi/lib/thumb/v7-m/nofp/libc_nano.a(lib_a-sprintf.o)
                0x0000000008006eb0                sprintf
                0x0000000008006eb0                siprintf
 .text.strcpy   0x0000000008006ef0       0x10 /Applications/STM32CubeIDE.app/Contents/Eclipse/plugins/com.st.stm32cube.ide.mcu.externaltools.gnu-tools-for-stm32.10.3-2021.10.macos64_1.0.0.202111181127/tools/bin/../lib/gcc/arm-none-eabi/10.3.1/../../../../arm-none-eabi/lib/thumb/v7-m/nofp/libc_nano.a(lib_a-strcpy.o)
                0x0000000008006ef0                strcpy
 .text.__ssputs_r
                0x0000000008006f00       0xb6 /Applications/STM32CubeIDE.app/Contents/Eclipse/plugins/com.st.stm32cube.ide.mcu.externaltools.gnu-tools-for-stm32.10.3-2021.10.macos64_1.0.0.202111181127/tools/bin/../lib/gcc/arm-none-eabi/10.3.1/../../../../arm-none-eabi/lib/thumb/v7-m/nofp/libc_nano.a(lib_a-nano-svfprintf.o)
                0x0000000008006f00                __ssputs_r
 *fill*         0x0000000008006fb6        0x2 
 .text._svfprintf_r
                0x0000000008006fb8      0x200 /Applications/STM32CubeIDE.app/Contents/Eclipse/plugins/com.st.stm32cube.ide.mcu.externaltools.gnu-tools-for-stm32.10.3-2021.10.macos64_1.0.0.202111181127/tools/bin/../lib/gcc/arm-none-eabi/10.3.1/../../../../arm-none-eabi/lib/thumb/v7-m/nofp/libc_nano.a(lib_a-nano-svfprintf.o)
                0x0000000008006fb8                _svfprintf_r
                0x0000000008006fb8                _svfiprintf_r
 .text._printf_common
                0x00000000080071b8       0xde /Applications/STM32CubeIDE.app/Contents/Eclipse/plugins/com.st.stm32cube.ide.mcu.externaltools.gnu-tools-for-stm32.10.3-2021.10.macos64_1.0.0.202111181127/tools/bin/../lib/gcc/arm-none-eabi/10.3.1/../../../../arm-none-eabi/lib/thumb/v7-m/nofp/libc_nano.a(lib_a-nano-vfprintf_i.o)
                0x00000000080071b8                _printf_common
 *fill*         0x0000000008007296        0x2 
 .text._printf_i
                0x0000000008007298      0x24c /Applications/STM32CubeIDE.app/Contents/Eclipse/plugins/com.st.stm32cube.ide.mcu.externaltools.gnu-tools-for-stm32.10.3-2021.10.macos64_1.0.0.202111181127/tools/bin/../lib/gcc/arm-none-eabi/10.3.1/../../../../arm-none-eabi/lib/thumb/v7-m/nofp/libc_nano.a(lib_a-nano-vfprintf_i.o)
                0x0000000008007298                _printf_i
 .text.memchr   0x00000000080074e4       0x1c /Applications/STM32CubeIDE.app/Contents/Eclipse/plugins/com.st.stm32cube.ide.mcu.externaltools.gnu-tools-for-stm32.10.3-2021.10.macos64_1.0.0.202111181127/tools/bin/../lib/gcc/arm-none-eabi/10.3.1/../../../../arm-none-eabi/lib/thumb/v7-m/nofp/libc_nano.a(lib_a-memchr-stub.o)
                0x00000000080074e4                memchr
 .text.memmove  0x0000000008007500       0x34 /Applications/STM32CubeIDE.app/Contents/Eclipse/plugins/com.st.stm32cube.ide.mcu.externaltools.gnu-tools-for-stm32.10.3-2021.10.macos64_1.0.0.202111181127/tools/bin/../lib/gcc/arm-none-eabi/10.3.1/../../../../arm-none-eabi/lib/thumb/v7-m/nofp/libc_nano.a(lib_a-memmove.o)
                0x0000000008007500                memmove
 .text._free_r  0x0000000008007534       0x90 /Applications/STM32CubeIDE.app/Contents/Eclipse/plugins/com.st.stm32cube.ide.mcu.externaltools.gnu-tools-for-stm32.10.3-2021.10.macos64_1.0.0.202111181127/tools/bin/../lib/gcc/arm-none-eabi/10.3.1/../../../../arm-none-eabi/lib/thumb/v7-m/nofp/libc_nano.a(lib_a-nano-freer.o)
                0x0000000008007534                _free_r
 .text.sbrk_aligned
                0x00000000080075c4       0x40 /Applications/STM32CubeIDE.app/Contents/Eclipse/plugins/com.st.stm32cube.ide.mcu.externaltools.gnu-tools-for-stm32.10.3-2021.10.macos64_1.0.0.202111181127/tools/bin/../lib/gcc/arm-none-eabi/10.3.1/../../../../arm-none-eabi/lib/thumb/v7-m/nofp/libc_nano.a(lib_a-nano-mallocr.o)
 .text._malloc_r
                0x0000000008007604       0xe8 /Applications/STM32CubeIDE.app/Contents/Eclipse/plugins/com.st.stm32cube.ide.mcu.externaltools.gnu-tools-for-stm32.10.3-2021.10.macos64_1.0.0.202111181127/tools/bin/../lib/gcc/arm-none-eabi/10.3.1/../../../../arm-none-eabi/lib/thumb/v7-m/nofp/libc_nano.a(lib_a-nano-mallocr.o)
                0x0000000008007604                _malloc_r
 .text._realloc_r
                0x00000000080076ec       0x5e /Applications/STM32CubeIDE.app/Contents/Eclipse/plugins/com.st.stm32cube.ide.mcu.externaltools.gnu-tools-for-stm32.10.3-2021.10.macos64_1.0.0.202111181127/tools/bin/../lib/gcc/arm-none-eabi/10.3.1/../../../../arm-none-eabi/lib/thumb/v7-m/nofp/libc_nano.a(lib_a-nano-reallocr.o)
                0x00000000080076ec                _realloc_r
 *fill*         0x000000000800774a        0x2 
 .text._sbrk_r  0x000000000800774c       0x20 /Applications/STM32CubeIDE.app/Contents/Eclipse/plugins/com.st.stm32cube.ide.mcu.externaltools.gnu-tools-for-stm32.10.3-2021.10.macos64_1.0.0.202111181127/tools/bin/../lib/gcc/arm-none-eabi/10.3.1/../../../../arm-none-eabi/lib/thumb/v7-m/nofp/libc_nano.a(lib_a-sbrkr.o)
                0x000000000800774c                _sbrk_r
 .text.__malloc_lock
                0x000000000800776c        0xc /Applications/STM32CubeIDE.app/Contents/Eclipse/plugins/com.st.stm32cube.ide.mcu.externaltools.gnu-tools-for-stm32.10.3-2021.10.macos64_1.0.0.202111181127/tools/bin/../lib/gcc/arm-none-eabi/10.3.1/../../../../arm-none-eabi/lib/thumb/v7-m/nofp/libc_nano.a(lib_a-mlock.o)
                0x000000000800776c                __malloc_lock
 .text.__malloc_unlock
                0x0000000008007778        0xc /Applications/STM32CubeIDE.app/Contents/Eclipse/plugins/com.st.stm32cube.ide.mcu.externaltools.gnu-tools-for-stm32.10.3-2021.10.macos64_1.0.0.202111181127/tools/bin/../lib/gcc/arm-none-eabi/10.3.1/../../../../arm-none-eabi/lib/thumb/v7-m/nofp/libc_nano.a(lib_a-mlock.o)
                0x0000000008007778                __malloc_unlock
 .text._malloc_usable_size_r
                0x0000000008007784       0x10 /Applications/STM32CubeIDE.app/Contents/Eclipse/plugins/com.st.stm32cube.ide.mcu.externaltools.gnu-tools-for-stm32.10.3-2021.10.macos64_1.0.0.202111181127/tools/bin/../lib/gcc/arm-none-eabi/10.3.1/../../../../arm-none-eabi/lib/thumb/v7-m/nofp/libc_nano.a(lib_a-nano-msizer.o)
                0x0000000008007784                _malloc_usable_size_r
 .text.__retarget_lock_acquire_recursive
                0x0000000008007794        0x2 /Applications/STM32CubeIDE.app/Contents/Eclipse/plugins/com.st.stm32cube.ide.mcu.externaltools.gnu-tools-for-stm32.10.3-2021.10.macos64_1.0.0.202111181127/tools/bin/../lib/gcc/arm-none-eabi/10.3.1/../../../../arm-none-eabi/lib/thumb/v7-m/nofp/libc_nano.a(lib_a-lock.o)
                0x0000000008007794                __retarget_lock_acquire_recursive
 .text.__retarget_lock_release_recursive
                0x0000000008007796        0x2 /Applications/STM32CubeIDE.app/Contents/Eclipse/plugins/com.st.stm32cube.ide.mcu.externaltools.gnu-tools-for-stm32.10.3-2021.10.macos64_1.0.0.202111181127/tools/bin/../lib/gcc/arm-none-eabi/10.3.1/../../../../arm-none-eabi/lib/thumb/v7-m/nofp/libc_nano.a(lib_a-lock.o)
                0x0000000008007796                __retarget_lock_release_recursive
 *(.glue_7)
 .glue_7        0x0000000008007798        0x0 linker stubs
 *(.glue_7t)
 .glue_7t       0x0000000008007798        0x0 linker stubs
 *(.eh_frame)
 .eh_frame      0x0000000008007798        0x0 /Applications/STM32CubeIDE.app/Contents/Eclipse/plugins/com.st.stm32cube.ide.mcu.externaltools.gnu-tools-for-stm32.10.3-2021.10.macos64_1.0.0.202111181127/tools/bin/../lib/gcc/arm-none-eabi/10.3.1/thumb/v7-m/nofp/crtbegin.o
 *(.init)
 .init          0x0000000008007798        0x4 /Applications/STM32CubeIDE.app/Contents/Eclipse/plugins/com.st.stm32cube.ide.mcu.externaltools.gnu-tools-for-stm32.10.3-2021.10.macos64_1.0.0.202111181127/tools/bin/../lib/gcc/arm-none-eabi/10.3.1/thumb/v7-m/nofp/crti.o
                0x0000000008007798                _init
 .init          0x000000000800779c        0x8 /Applications/STM32CubeIDE.app/Contents/Eclipse/plugins/com.st.stm32cube.ide.mcu.externaltools.gnu-tools-for-stm32.10.3-2021.10.macos64_1.0.0.202111181127/tools/bin/../lib/gcc/arm-none-eabi/10.3.1/thumb/v7-m/nofp/crtn.o
 *(.fini)
 .fini          0x00000000080077a4        0x4 /Applications/STM32CubeIDE.app/Contents/Eclipse/plugins/com.st.stm32cube.ide.mcu.externaltools.gnu-tools-for-stm32.10.3-2021.10.macos64_1.0.0.202111181127/tools/bin/../lib/gcc/arm-none-eabi/10.3.1/thumb/v7-m/nofp/crti.o
                0x00000000080077a4                _fini
 .fini          0x00000000080077a8        0x8 /Applications/STM32CubeIDE.app/Contents/Eclipse/plugins/com.st.stm32cube.ide.mcu.externaltools.gnu-tools-for-stm32.10.3-2021.10.macos64_1.0.0.202111181127/tools/bin/../lib/gcc/arm-none-eabi/10.3.1/thumb/v7-m/nofp/crtn.o
                0x00000000080077b0                . = ALIGN (0x4)
                0x00000000080077b0                _etext = .

.vfp11_veneer   0x00000000080077b0        0x0
 .vfp11_veneer  0x00000000080077b0        0x0 linker stubs

.v4_bx          0x00000000080077b0        0x0
 .v4_bx         0x00000000080077b0        0x0 linker stubs

.iplt           0x00000000080077b0        0x0
 .iplt          0x00000000080077b0        0x0 /Applications/STM32CubeIDE.app/Contents/Eclipse/plugins/com.st.stm32cube.ide.mcu.externaltools.gnu-tools-for-stm32.10.3-2021.10.macos64_1.0.0.202111181127/tools/bin/../lib/gcc/arm-none-eabi/10.3.1/thumb/v7-m/nofp/crtbegin.o

.rodata         0x00000000080077b0      0x7ec
                0x00000000080077b0                . = ALIGN (0x4)
 *(.rodata)
 .rodata        0x00000000080077b0      0x1a0 ./Core/Src/main.o
 .rodata        0x0000000008007950       0x10 ./Drivers/STM32F1xx_HAL_Driver/Src/stm32f1xx_hal_rcc.o
 *(.rodata*)
 .rodata.ucAscii_1608
                0x0000000008007960      0x5f0 ./Core/Src/lcd.o
                0x0000000008007960                ucAscii_1608
 .rodata.AHBPrescTable
                0x0000000008007f50       0x10 ./Core/Src/system_stm32f1xx.o
                0x0000000008007f50                AHBPrescTable
 .rodata.APBPrescTable
                0x0000000008007f60        0x8 ./Core/Src/system_stm32f1xx.o
                0x0000000008007f60                APBPrescTable
 .rodata._svfprintf_r.str1.1
                0x0000000008007f68       0x11 /Applications/STM32CubeIDE.app/Contents/Eclipse/plugins/com.st.stm32cube.ide.mcu.externaltools.gnu-tools-for-stm32.10.3-2021.10.macos64_1.0.0.202111181127/tools/bin/../lib/gcc/arm-none-eabi/10.3.1/../../../../arm-none-eabi/lib/thumb/v7-m/nofp/libc_nano.a(lib_a-nano-svfprintf.o)
 .rodata._printf_i.str1.1
                0x0000000008007f79       0x22 /Applications/STM32CubeIDE.app/Contents/Eclipse/plugins/com.st.stm32cube.ide.mcu.externaltools.gnu-tools-for-stm32.10.3-2021.10.macos64_1.0.0.202111181127/tools/bin/../lib/gcc/arm-none-eabi/10.3.1/../../../../arm-none-eabi/lib/thumb/v7-m/nofp/libc_nano.a(lib_a-nano-vfprintf_i.o)
                0x0000000008007f9c                . = ALIGN (0x4)
 *fill*         0x0000000008007f9b        0x1 

.rel.dyn        0x0000000008007f9c        0x0
 .rel.iplt      0x0000000008007f9c        0x0 /Applications/STM32CubeIDE.app/Contents/Eclipse/plugins/com.st.stm32cube.ide.mcu.externaltools.gnu-tools-for-stm32.10.3-2021.10.macos64_1.0.0.202111181127/tools/bin/../lib/gcc/arm-none-eabi/10.3.1/thumb/v7-m/nofp/crtbegin.o

.ARM.extab      0x0000000008007f9c        0x0
                0x0000000008007f9c                . = ALIGN (0x4)
 *(.ARM.extab* .gnu.linkonce.armextab.*)
                0x0000000008007f9c                . = ALIGN (0x4)

.ARM            0x0000000008007f9c        0x0
                0x0000000008007f9c                . = ALIGN (0x4)
                0x0000000008007f9c                __exidx_start = .
 *(.ARM.exidx*)
                0x0000000008007f9c                __exidx_end = .
                0x0000000008007f9c                . = ALIGN (0x4)

.preinit_array  0x0000000008007f9c        0x0
                0x0000000008007f9c                . = ALIGN (0x4)
                0x0000000008007f9c                PROVIDE (__preinit_array_start = .)
 *(.preinit_array*)
                0x0000000008007f9c                PROVIDE (__preinit_array_end = .)
                0x0000000008007f9c                . = ALIGN (0x4)

.init_array     0x0000000008007f9c        0x4
                0x0000000008007f9c                . = ALIGN (0x4)
                0x0000000008007f9c                PROVIDE (__init_array_start = .)
 *(SORT_BY_NAME(.init_array.*))
 *(.init_array*)
 .init_array    0x0000000008007f9c        0x4 /Applications/STM32CubeIDE.app/Contents/Eclipse/plugins/com.st.stm32cube.ide.mcu.externaltools.gnu-tools-for-stm32.10.3-2021.10.macos64_1.0.0.202111181127/tools/bin/../lib/gcc/arm-none-eabi/10.3.1/thumb/v7-m/nofp/crtbegin.o
                0x0000000008007fa0                PROVIDE (__init_array_end = .)
                0x0000000008007fa0                . = ALIGN (0x4)

.fini_array     0x0000000008007fa0        0x4
                0x0000000008007fa0                . = ALIGN (0x4)
                [!provide]                        PROVIDE (__fini_array_start = .)
 *(SORT_BY_NAME(.fini_array.*))
 *(.fini_array*)
 .fini_array    0x0000000008007fa0        0x4 /Applications/STM32CubeIDE.app/Contents/Eclipse/plugins/com.st.stm32cube.ide.mcu.externaltools.gnu-tools-for-stm32.10.3-2021.10.macos64_1.0.0.202111181127/tools/bin/../lib/gcc/arm-none-eabi/10.3.1/thumb/v7-m/nofp/crtbegin.o
                [!provide]                        PROVIDE (__fini_array_end = .)
                0x0000000008007fa4                . = ALIGN (0x4)
                0x0000000008007fa4                _sidata = LOADADDR (.data)

.data           0x0000000020000000      0x4ac load address 0x0000000008007fa4
                0x0000000020000000                . = ALIGN (0x4)
                0x0000000020000000                _sdata = .
 *(.data)
 *(.data*)
 .data.Acc      0x0000000020000000        0x1 ./Core/Src/main.o
                0x0000000020000000                Acc
 .data.Gyr      0x0000000020000001        0x1 ./Core/Src/main.o
                0x0000000020000001                Gyr
 *fill*         0x0000000020000002        0x2 
 .data.pwm_value
                0x0000000020000004        0xa ./Core/Src/main.o
                0x0000000020000004                pwm_value
 .data.rxData   0x000000002000000e        0x1 ./Core/Src/main.o
                0x000000002000000e                rxData
 *fill*         0x000000002000000f        0x1 
 .data.message  0x0000000020000010       0x32 ./Core/Src/main.o
                0x0000000020000010                message
 *fill*         0x0000000020000042        0x2 
 .data.CH       0x0000000020000044      0x3f8 ./Core/Src/max_matrix_stm32.o
                0x0000000020000044                CH
 .data.SystemCoreClock
                0x000000002000043c        0x4 ./Core/Src/system_stm32f1xx.o
                0x000000002000043c                SystemCoreClock
 .data.uwTickPrio
                0x0000000020000440        0x4 ./Drivers/STM32F1xx_HAL_Driver/Src/stm32f1xx_hal.o
                0x0000000020000440                uwTickPrio
 .data.uwTickFreq
                0x0000000020000444        0x1 ./Drivers/STM32F1xx_HAL_Driver/Src/stm32f1xx_hal.o
                0x0000000020000444                uwTickFreq
 *fill*         0x0000000020000445        0x3 
 .data._impure_ptr
                0x0000000020000448        0x4 /Applications/STM32CubeIDE.app/Contents/Eclipse/plugins/com.st.stm32cube.ide.mcu.externaltools.gnu-tools-for-stm32.10.3-2021.10.macos64_1.0.0.202111181127/tools/bin/../lib/gcc/arm-none-eabi/10.3.1/../../../../arm-none-eabi/lib/thumb/v7-m/nofp/libc_nano.a(lib_a-impure.o)
                0x0000000020000448                _impure_ptr
 .data.impure_data
                0x000000002000044c       0x60 /Applications/STM32CubeIDE.app/Contents/Eclipse/plugins/com.st.stm32cube.ide.mcu.externaltools.gnu-tools-for-stm32.10.3-2021.10.macos64_1.0.0.202111181127/tools/bin/../lib/gcc/arm-none-eabi/10.3.1/../../../../arm-none-eabi/lib/thumb/v7-m/nofp/libc_nano.a(lib_a-impure.o)
 *(.RamFunc)
 *(.RamFunc*)
                0x00000000200004ac                . = ALIGN (0x4)
                0x00000000200004ac                _edata = .

.igot.plt       0x00000000200004ac        0x0 load address 0x0000000008008450
 .igot.plt      0x00000000200004ac        0x0 /Applications/STM32CubeIDE.app/Contents/Eclipse/plugins/com.st.stm32cube.ide.mcu.externaltools.gnu-tools-for-stm32.10.3-2021.10.macos64_1.0.0.202111181127/tools/bin/../lib/gcc/arm-none-eabi/10.3.1/thumb/v7-m/nofp/crtbegin.o
                0x00000000200004ac                . = ALIGN (0x4)

.bss            0x00000000200004ac      0x2cc load address 0x0000000008008450
                0x00000000200004ac                _sbss = .
                0x00000000200004ac                __bss_start__ = _sbss
 *(.bss)
 .bss           0x00000000200004ac       0x1c /Applications/STM32CubeIDE.app/Contents/Eclipse/plugins/com.st.stm32cube.ide.mcu.externaltools.gnu-tools-for-stm32.10.3-2021.10.macos64_1.0.0.202111181127/tools/bin/../lib/gcc/arm-none-eabi/10.3.1/thumb/v7-m/nofp/crtbegin.o
 *(.bss*)
 .bss.hi2c2     0x00000000200004c8       0x54 ./Core/Src/main.o
                0x00000000200004c8                hi2c2
 .bss.htim1     0x000000002000051c       0x48 ./Core/Src/main.o
                0x000000002000051c                htim1
 .bss.htim3     0x0000000020000564       0x48 ./Core/Src/main.o
                0x0000000020000564                htim3
 .bss.huart2    0x00000000200005ac       0x44 ./Core/Src/main.o
                0x00000000200005ac                huart2
 .bss.hsram1    0x00000000200005f0       0x48 ./Core/Src/main.o
                0x00000000200005f0                hsram1
 .bss.x_gyr_MSB
                0x0000000020000638        0x1 ./Core/Src/main.o
                0x0000000020000638                x_gyr_MSB
 .bss.y_gyr_MSB
                0x0000000020000639        0x1 ./Core/Src/main.o
                0x0000000020000639                y_gyr_MSB
 .bss.z_gyr_MSB
                0x000000002000063a        0x1 ./Core/Src/main.o
                0x000000002000063a                z_gyr_MSB
 .bss.x_gyr_LSB
                0x000000002000063b        0x1 ./Core/Src/main.o
                0x000000002000063b                x_gyr_LSB
 .bss.y_gyr_LSB
                0x000000002000063c        0x1 ./Core/Src/main.o
                0x000000002000063c                y_gyr_LSB
 .bss.z_gyr_LSB
                0x000000002000063d        0x1 ./Core/Src/main.o
                0x000000002000063d                z_gyr_LSB
 .bss.x_acc_MSB
                0x000000002000063e        0x1 ./Core/Src/main.o
                0x000000002000063e                x_acc_MSB
 .bss.y_acc_MSB
                0x000000002000063f        0x1 ./Core/Src/main.o
                0x000000002000063f                y_acc_MSB
 .bss.z_acc_MSB
                0x0000000020000640        0x1 ./Core/Src/main.o
                0x0000000020000640                z_acc_MSB
 .bss.x_acc_LSB
                0x0000000020000641        0x1 ./Core/Src/main.o
                0x0000000020000641                x_acc_LSB
 .bss.y_acc_LSB
                0x0000000020000642        0x1 ./Core/Src/main.o
                0x0000000020000642                y_acc_LSB
 .bss.z_acc_LSB
                0x0000000020000643        0x1 ./Core/Src/main.o
                0x0000000020000643                z_acc_LSB
 .bss.gyr_x     0x0000000020000644        0x2 ./Core/Src/main.o
                0x0000000020000644                gyr_x
 .bss.gyr_y     0x0000000020000646        0x2 ./Core/Src/main.o
                0x0000000020000646                gyr_y
 .bss.gyr_z     0x0000000020000648        0x2 ./Core/Src/main.o
                0x0000000020000648                gyr_z
 .bss.acc_x     0x000000002000064a        0x2 ./Core/Src/main.o
                0x000000002000064a                acc_x
 .bss.acc_y     0x000000002000064c        0x2 ./Core/Src/main.o
                0x000000002000064c                acc_y
 .bss.acc_z     0x000000002000064e        0x2 ./Core/Src/main.o
                0x000000002000064e                acc_z
 .bss.gyr_x_display
                0x0000000020000650        0x6 ./Core/Src/main.o
                0x0000000020000650                gyr_x_display
 *fill*         0x0000000020000656        0x2 
 .bss.gyr_y_display
                0x0000000020000658        0x6 ./Core/Src/main.o
                0x0000000020000658                gyr_y_display
 *fill*         0x000000002000065e        0x2 
 .bss.gyr_z_display
                0x0000000020000660        0x6 ./Core/Src/main.o
                0x0000000020000660                gyr_z_display
 *fill*         0x0000000020000666        0x2 
 .bss.acc_x_display
                0x0000000020000668        0x6 ./Core/Src/main.o
                0x0000000020000668                acc_x_display
 *fill*         0x000000002000066e        0x2 
 .bss.acc_y_display
                0x0000000020000670        0x6 ./Core/Src/main.o
                0x0000000020000670                acc_y_display
 *fill*         0x0000000020000676        0x2 
 .bss.acc_z_display
                0x0000000020000678        0x6 ./Core/Src/main.o
                0x0000000020000678                acc_z_display
 *fill*         0x000000002000067e        0x2 
 .bss.speed_display
                0x0000000020000680        0x6 ./Core/Src/main.o
                0x0000000020000680                speed_display
 *fill*         0x0000000020000686        0x2 
 .bss.distance_display
                0x0000000020000688        0x6 ./Core/Src/main.o
                0x0000000020000688                distance_display
 *fill*         0x000000002000068e        0x2 
 .bss.motor_level_counter
                0x0000000020000690        0x4 ./Core/Src/main.o
                0x0000000020000690                motor_level_counter
 .bss.derailuer_init_direction
                0x0000000020000694        0x4 ./Core/Src/main.o
                0x0000000020000694                derailuer_init_direction
 .bss.last_interrupt_time
                0x0000000020000698        0x4 ./Core/Src/main.o
                0x0000000020000698                last_interrupt_time
 .bss.time_between_interrupts
                0x000000002000069c        0x4 ./Core/Src/main.o
                0x000000002000069c                time_between_interrupts
 .bss.rpm       0x00000000200006a0        0x4 ./Core/Src/main.o
                0x00000000200006a0                rpm
 .bss.rotation_count
                0x00000000200006a4        0x4 ./Core/Src/main.o
                0x00000000200006a4                rotation_count
 .bss.distance_traveled
                0x00000000200006a8        0x4 ./Core/Src/main.o
                0x00000000200006a8                distance_traveled
 .bss.previous_distance
                0x00000000200006ac        0x4 ./Core/Src/main.o
                0x00000000200006ac                previous_distance
 .bss.msgCounter
                0x00000000200006b0        0x4 ./Core/Src/main.o
                0x00000000200006b0                msgCounter
 .bss.last_check_time.1
                0x00000000200006b4        0x4 ./Core/Src/main.o
 .bss.last_rotation_count.0
                0x00000000200006b8        0x4 ./Core/Src/main.o
 .bss.buffer    0x00000000200006bc       0x50 ./Core/Src/max_matrix_stm32.o
                0x00000000200006bc                buffer
 .bss.buffer_row
                0x000000002000070c       0x50 ./Core/Src/max_matrix_stm32.o
                0x000000002000070c                buffer_row
 .bss.FSMC_Initialized
                0x000000002000075c        0x4 ./Core/Src/stm32f1xx_hal_msp.o
 .bss.__sbrk_heap_end
                0x0000000020000760        0x4 ./Core/Src/sysmem.o
 .bss.uwTick    0x0000000020000764        0x4 ./Drivers/STM32F1xx_HAL_Driver/Src/stm32f1xx_hal.o
                0x0000000020000764                uwTick
 .bss.__malloc_free_list
                0x0000000020000768        0x4 /Applications/STM32CubeIDE.app/Contents/Eclipse/plugins/com.st.stm32cube.ide.mcu.externaltools.gnu-tools-for-stm32.10.3-2021.10.macos64_1.0.0.202111181127/tools/bin/../lib/gcc/arm-none-eabi/10.3.1/../../../../arm-none-eabi/lib/thumb/v7-m/nofp/libc_nano.a(lib_a-nano-mallocr.o)
                0x0000000020000768                __malloc_free_list
 .bss.__malloc_sbrk_start
                0x000000002000076c        0x4 /Applications/STM32CubeIDE.app/Contents/Eclipse/plugins/com.st.stm32cube.ide.mcu.externaltools.gnu-tools-for-stm32.10.3-2021.10.macos64_1.0.0.202111181127/tools/bin/../lib/gcc/arm-none-eabi/10.3.1/../../../../arm-none-eabi/lib/thumb/v7-m/nofp/libc_nano.a(lib_a-nano-mallocr.o)
                0x000000002000076c                __malloc_sbrk_start
 .bss.errno     0x0000000020000770        0x4 /Applications/STM32CubeIDE.app/Contents/Eclipse/plugins/com.st.stm32cube.ide.mcu.externaltools.gnu-tools-for-stm32.10.3-2021.10.macos64_1.0.0.202111181127/tools/bin/../lib/gcc/arm-none-eabi/10.3.1/../../../../arm-none-eabi/lib/thumb/v7-m/nofp/libc_nano.a(lib_a-reent.o)
                0x0000000020000770                errno
 .bss.__lock___malloc_recursive_mutex
                0x0000000020000774        0x1 /Applications/STM32CubeIDE.app/Contents/Eclipse/plugins/com.st.stm32cube.ide.mcu.externaltools.gnu-tools-for-stm32.10.3-2021.10.macos64_1.0.0.202111181127/tools/bin/../lib/gcc/arm-none-eabi/10.3.1/../../../../arm-none-eabi/lib/thumb/v7-m/nofp/libc_nano.a(lib_a-lock.o)
                0x0000000020000774                __lock___malloc_recursive_mutex
 *(COMMON)
                0x0000000020000778                . = ALIGN (0x4)
 *fill*         0x0000000020000775        0x3 
                0x0000000020000778                _ebss = .
                0x0000000020000778                __bss_end__ = _ebss

._user_heap_stack
                0x0000000020000778      0x600 load address 0x0000000008008450
                0x0000000020000778                . = ALIGN (0x8)
                [!provide]                        PROVIDE (end = .)
                0x0000000020000778                PROVIDE (_end = .)
                0x0000000020000978                . = (. + _Min_Heap_Size)
 *fill*         0x0000000020000778      0x200 
                0x0000000020000d78                . = (. + _Min_Stack_Size)
 *fill*         0x0000000020000978      0x400 
                0x0000000020000d78                . = ALIGN (0x8)

/DISCARD/
 libc.a(*)
 libm.a(*)
 libgcc.a(*)

.ARM.attributes
                0x0000000000000000       0x29
 *(.ARM.attributes)
 .ARM.attributes
                0x0000000000000000       0x1d /Applications/STM32CubeIDE.app/Contents/Eclipse/plugins/com.st.stm32cube.ide.mcu.externaltools.gnu-tools-for-stm32.10.3-2021.10.macos64_1.0.0.202111181127/tools/bin/../lib/gcc/arm-none-eabi/10.3.1/thumb/v7-m/nofp/crti.o
 .ARM.attributes
                0x000000000000001d       0x2d /Applications/STM32CubeIDE.app/Contents/Eclipse/plugins/com.st.stm32cube.ide.mcu.externaltools.gnu-tools-for-stm32.10.3-2021.10.macos64_1.0.0.202111181127/tools/bin/../lib/gcc/arm-none-eabi/10.3.1/thumb/v7-m/nofp/crtbegin.o
 .ARM.attributes
                0x000000000000004a       0x2d ./Core/Src/lcd.o
 .ARM.attributes
                0x0000000000000077       0x2d ./Core/Src/main.o
 .ARM.attributes
                0x00000000000000a4       0x2d ./Core/Src/max_matrix_stm32.o
 .ARM.attributes
                0x00000000000000d1       0x2d ./Core/Src/stm32f1xx_hal_msp.o
 .ARM.attributes
                0x00000000000000fe       0x2d ./Core/Src/stm32f1xx_it.o
 .ARM.attributes
                0x000000000000012b       0x2d ./Core/Src/sysmem.o
 .ARM.attributes
                0x0000000000000158       0x2d ./Core/Src/system_stm32f1xx.o
 .ARM.attributes
                0x0000000000000185       0x21 ./Core/Startup/startup_stm32f103vetx.o
 .ARM.attributes
                0x00000000000001a6       0x2d ./Drivers/STM32F1xx_HAL_Driver/Src/stm32f1xx_hal.o
 .ARM.attributes
                0x00000000000001d3       0x2d ./Drivers/STM32F1xx_HAL_Driver/Src/stm32f1xx_hal_cortex.o
 .ARM.attributes
                0x0000000000000200       0x2d ./Drivers/STM32F1xx_HAL_Driver/Src/stm32f1xx_hal_dma.o
 .ARM.attributes
                0x000000000000022d       0x2d ./Drivers/STM32F1xx_HAL_Driver/Src/stm32f1xx_hal_gpio.o
 .ARM.attributes
                0x000000000000025a       0x2d ./Drivers/STM32F1xx_HAL_Driver/Src/stm32f1xx_hal_i2c.o
 .ARM.attributes
                0x0000000000000287       0x2d ./Drivers/STM32F1xx_HAL_Driver/Src/stm32f1xx_hal_rcc.o
 .ARM.attributes
                0x00000000000002b4       0x2d ./Drivers/STM32F1xx_HAL_Driver/Src/stm32f1xx_hal_sram.o
 .ARM.attributes
                0x00000000000002e1       0x2d ./Drivers/STM32F1xx_HAL_Driver/Src/stm32f1xx_hal_tim.o
 .ARM.attributes
                0x000000000000030e       0x2d ./Drivers/STM32F1xx_HAL_Driver/Src/stm32f1xx_hal_tim_ex.o
 .ARM.attributes
                0x000000000000033b       0x2d ./Drivers/STM32F1xx_HAL_Driver/Src/stm32f1xx_hal_uart.o
 .ARM.attributes
                0x0000000000000368       0x2d ./Drivers/STM32F1xx_HAL_Driver/Src/stm32f1xx_ll_fsmc.o
 .ARM.attributes
                0x0000000000000395       0x2d /Applications/STM32CubeIDE.app/Contents/Eclipse/plugins/com.st.stm32cube.ide.mcu.externaltools.gnu-tools-for-stm32.10.3-2021.10.macos64_1.0.0.202111181127/tools/bin/../lib/gcc/arm-none-eabi/10.3.1/../../../../arm-none-eabi/lib/thumb/v7-m/nofp/libc_nano.a(lib_a-errno.o)
 .ARM.attributes
                0x00000000000003c2       0x2d /Applications/STM32CubeIDE.app/Contents/Eclipse/plugins/com.st.stm32cube.ide.mcu.externaltools.gnu-tools-for-stm32.10.3-2021.10.macos64_1.0.0.202111181127/tools/bin/../lib/gcc/arm-none-eabi/10.3.1/../../../../arm-none-eabi/lib/thumb/v7-m/nofp/libc_nano.a(lib_a-impure.o)
 .ARM.attributes
                0x00000000000003ef       0x2d /Applications/STM32CubeIDE.app/Contents/Eclipse/plugins/com.st.stm32cube.ide.mcu.externaltools.gnu-tools-for-stm32.10.3-2021.10.macos64_1.0.0.202111181127/tools/bin/../lib/gcc/arm-none-eabi/10.3.1/../../../../arm-none-eabi/lib/thumb/v7-m/nofp/libc_nano.a(lib_a-init.o)
 .ARM.attributes
                0x000000000000041c       0x2d /Applications/STM32CubeIDE.app/Contents/Eclipse/plugins/com.st.stm32cube.ide.mcu.externaltools.gnu-tools-for-stm32.10.3-2021.10.macos64_1.0.0.202111181127/tools/bin/../lib/gcc/arm-none-eabi/10.3.1/../../../../arm-none-eabi/lib/thumb/v7-m/nofp/libc_nano.a(lib_a-memcpy-stub.o)
 .ARM.attributes
                0x0000000000000449       0x2d /Applications/STM32CubeIDE.app/Contents/Eclipse/plugins/com.st.stm32cube.ide.mcu.externaltools.gnu-tools-for-stm32.10.3-2021.10.macos64_1.0.0.202111181127/tools/bin/../lib/gcc/arm-none-eabi/10.3.1/../../../../arm-none-eabi/lib/thumb/v7-m/nofp/libc_nano.a(lib_a-memset.o)
 .ARM.attributes
                0x0000000000000476       0x2d /Applications/STM32CubeIDE.app/Contents/Eclipse/plugins/com.st.stm32cube.ide.mcu.externaltools.gnu-tools-for-stm32.10.3-2021.10.macos64_1.0.0.202111181127/tools/bin/../lib/gcc/arm-none-eabi/10.3.1/../../../../arm-none-eabi/lib/thumb/v7-m/nofp/libc_nano.a(lib_a-sprintf.o)
 .ARM.attributes
                0x00000000000004a3       0x2d /Applications/STM32CubeIDE.app/Contents/Eclipse/plugins/com.st.stm32cube.ide.mcu.externaltools.gnu-tools-for-stm32.10.3-2021.10.macos64_1.0.0.202111181127/tools/bin/../lib/gcc/arm-none-eabi/10.3.1/../../../../arm-none-eabi/lib/thumb/v7-m/nofp/libc_nano.a(lib_a-strcpy.o)
 .ARM.attributes
                0x00000000000004d0       0x17 /Applications/STM32CubeIDE.app/Contents/Eclipse/plugins/com.st.stm32cube.ide.mcu.externaltools.gnu-tools-for-stm32.10.3-2021.10.macos64_1.0.0.202111181127/tools/bin/../lib/gcc/arm-none-eabi/10.3.1/../../../../arm-none-eabi/lib/thumb/v7-m/nofp/libc_nano.a(lib_a-strlen.o)
 .ARM.attributes
                0x00000000000004e7       0x2d /Applications/STM32CubeIDE.app/Contents/Eclipse/plugins/com.st.stm32cube.ide.mcu.externaltools.gnu-tools-for-stm32.10.3-2021.10.macos64_1.0.0.202111181127/tools/bin/../lib/gcc/arm-none-eabi/10.3.1/../../../../arm-none-eabi/lib/thumb/v7-m/nofp/libc_nano.a(lib_a-nano-svfprintf.o)
 .ARM.attributes
                0x0000000000000514       0x2d /Applications/STM32CubeIDE.app/Contents/Eclipse/plugins/com.st.stm32cube.ide.mcu.externaltools.gnu-tools-for-stm32.10.3-2021.10.macos64_1.0.0.202111181127/tools/bin/../lib/gcc/arm-none-eabi/10.3.1/../../../../arm-none-eabi/lib/thumb/v7-m/nofp/libc_nano.a(lib_a-nano-vfprintf_i.o)
 .ARM.attributes
                0x0000000000000541       0x2d /Applications/STM32CubeIDE.app/Contents/Eclipse/plugins/com.st.stm32cube.ide.mcu.externaltools.gnu-tools-for-stm32.10.3-2021.10.macos64_1.0.0.202111181127/tools/bin/../lib/gcc/arm-none-eabi/10.3.1/../../../../arm-none-eabi/lib/thumb/v7-m/nofp/libc_nano.a(lib_a-memchr-stub.o)
 .ARM.attributes
                0x000000000000056e       0x2d /Applications/STM32CubeIDE.app/Contents/Eclipse/plugins/com.st.stm32cube.ide.mcu.externaltools.gnu-tools-for-stm32.10.3-2021.10.macos64_1.0.0.202111181127/tools/bin/../lib/gcc/arm-none-eabi/10.3.1/../../../../arm-none-eabi/lib/thumb/v7-m/nofp/libc_nano.a(lib_a-memmove.o)
 .ARM.attributes
                0x000000000000059b       0x2d /Applications/STM32CubeIDE.app/Contents/Eclipse/plugins/com.st.stm32cube.ide.mcu.externaltools.gnu-tools-for-stm32.10.3-2021.10.macos64_1.0.0.202111181127/tools/bin/../lib/gcc/arm-none-eabi/10.3.1/../../../../arm-none-eabi/lib/thumb/v7-m/nofp/libc_nano.a(lib_a-nano-freer.o)
 .ARM.attributes
                0x00000000000005c8       0x2d /Applications/STM32CubeIDE.app/Contents/Eclipse/plugins/com.st.stm32cube.ide.mcu.externaltools.gnu-tools-for-stm32.10.3-2021.10.macos64_1.0.0.202111181127/tools/bin/../lib/gcc/arm-none-eabi/10.3.1/../../../../arm-none-eabi/lib/thumb/v7-m/nofp/libc_nano.a(lib_a-nano-mallocr.o)
 .ARM.attributes
                0x00000000000005f5       0x2d /Applications/STM32CubeIDE.app/Contents/Eclipse/plugins/com.st.stm32cube.ide.mcu.externaltools.gnu-tools-for-stm32.10.3-2021.10.macos64_1.0.0.202111181127/tools/bin/../lib/gcc/arm-none-eabi/10.3.1/../../../../arm-none-eabi/lib/thumb/v7-m/nofp/libc_nano.a(lib_a-nano-reallocr.o)
 .ARM.attributes
                0x0000000000000622       0x2d /Applications/STM32CubeIDE.app/Contents/Eclipse/plugins/com.st.stm32cube.ide.mcu.externaltools.gnu-tools-for-stm32.10.3-2021.10.macos64_1.0.0.202111181127/tools/bin/../lib/gcc/arm-none-eabi/10.3.1/../../../../arm-none-eabi/lib/thumb/v7-m/nofp/libc_nano.a(lib_a-sbrkr.o)
 .ARM.attributes
                0x000000000000064f       0x2d /Applications/STM32CubeIDE.app/Contents/Eclipse/plugins/com.st.stm32cube.ide.mcu.externaltools.gnu-tools-for-stm32.10.3-2021.10.macos64_1.0.0.202111181127/tools/bin/../lib/gcc/arm-none-eabi/10.3.1/../../../../arm-none-eabi/lib/thumb/v7-m/nofp/libc_nano.a(lib_a-mlock.o)
 .ARM.attributes
                0x000000000000067c       0x2d /Applications/STM32CubeIDE.app/Contents/Eclipse/plugins/com.st.stm32cube.ide.mcu.externaltools.gnu-tools-for-stm32.10.3-2021.10.macos64_1.0.0.202111181127/tools/bin/../lib/gcc/arm-none-eabi/10.3.1/../../../../arm-none-eabi/lib/thumb/v7-m/nofp/libc_nano.a(lib_a-nano-msizer.o)
 .ARM.attributes
                0x00000000000006a9       0x2d /Applications/STM32CubeIDE.app/Contents/Eclipse/plugins/com.st.stm32cube.ide.mcu.externaltools.gnu-tools-for-stm32.10.3-2021.10.macos64_1.0.0.202111181127/tools/bin/../lib/gcc/arm-none-eabi/10.3.1/../../../../arm-none-eabi/lib/thumb/v7-m/nofp/libc_nano.a(lib_a-reent.o)
 .ARM.attributes
                0x00000000000006d6       0x2d /Applications/STM32CubeIDE.app/Contents/Eclipse/plugins/com.st.stm32cube.ide.mcu.externaltools.gnu-tools-for-stm32.10.3-2021.10.macos64_1.0.0.202111181127/tools/bin/../lib/gcc/arm-none-eabi/10.3.1/../../../../arm-none-eabi/lib/thumb/v7-m/nofp/libc_nano.a(lib_a-lock.o)
 .ARM.attributes
                0x0000000000000703       0x1d /Applications/STM32CubeIDE.app/Contents/Eclipse/plugins/com.st.stm32cube.ide.mcu.externaltools.gnu-tools-for-stm32.10.3-2021.10.macos64_1.0.0.202111181127/tools/bin/../lib/gcc/arm-none-eabi/10.3.1/thumb/v7-m/nofp/libgcc.a(_arm_addsubdf3.o)
 .ARM.attributes
                0x0000000000000720       0x1d /Applications/STM32CubeIDE.app/Contents/Eclipse/plugins/com.st.stm32cube.ide.mcu.externaltools.gnu-tools-for-stm32.10.3-2021.10.macos64_1.0.0.202111181127/tools/bin/../lib/gcc/arm-none-eabi/10.3.1/thumb/v7-m/nofp/libgcc.a(_arm_muldivdf3.o)
 .ARM.attributes
                0x000000000000073d       0x1d /Applications/STM32CubeIDE.app/Contents/Eclipse/plugins/com.st.stm32cube.ide.mcu.externaltools.gnu-tools-for-stm32.10.3-2021.10.macos64_1.0.0.202111181127/tools/bin/../lib/gcc/arm-none-eabi/10.3.1/thumb/v7-m/nofp/libgcc.a(_arm_fixdfsi.o)
 .ARM.attributes
                0x000000000000075a       0x1d /Applications/STM32CubeIDE.app/Contents/Eclipse/plugins/com.st.stm32cube.ide.mcu.externaltools.gnu-tools-for-stm32.10.3-2021.10.macos64_1.0.0.202111181127/tools/bin/../lib/gcc/arm-none-eabi/10.3.1/thumb/v7-m/nofp/libgcc.a(_arm_truncdfsf2.o)
 .ARM.attributes
                0x0000000000000777       0x1d /Applications/STM32CubeIDE.app/Contents/Eclipse/plugins/com.st.stm32cube.ide.mcu.externaltools.gnu-tools-for-stm32.10.3-2021.10.macos64_1.0.0.202111181127/tools/bin/../lib/gcc/arm-none-eabi/10.3.1/thumb/v7-m/nofp/libgcc.a(_arm_addsubsf3.o)
 .ARM.attributes
                0x0000000000000794       0x1d /Applications/STM32CubeIDE.app/Contents/Eclipse/plugins/com.st.stm32cube.ide.mcu.externaltools.gnu-tools-for-stm32.10.3-2021.10.macos64_1.0.0.202111181127/tools/bin/../lib/gcc/arm-none-eabi/10.3.1/thumb/v7-m/nofp/libgcc.a(_arm_muldivsf3.o)
 .ARM.attributes
                0x00000000000007b1       0x1d /Applications/STM32CubeIDE.app/Contents/Eclipse/plugins/com.st.stm32cube.ide.mcu.externaltools.gnu-tools-for-stm32.10.3-2021.10.macos64_1.0.0.202111181127/tools/bin/../lib/gcc/arm-none-eabi/10.3.1/thumb/v7-m/nofp/libgcc.a(_arm_cmpsf2.o)
 .ARM.attributes
                0x00000000000007ce       0x1d /Applications/STM32CubeIDE.app/Contents/Eclipse/plugins/com.st.stm32cube.ide.mcu.externaltools.gnu-tools-for-stm32.10.3-2021.10.macos64_1.0.0.202111181127/tools/bin/../lib/gcc/arm-none-eabi/10.3.1/thumb/v7-m/nofp/libgcc.a(_arm_fixsfsi.o)
 .ARM.attributes
                0x00000000000007eb       0x1d /Applications/STM32CubeIDE.app/Contents/Eclipse/plugins/com.st.stm32cube.ide.mcu.externaltools.gnu-tools-for-stm32.10.3-2021.10.macos64_1.0.0.202111181127/tools/bin/../lib/gcc/arm-none-eabi/10.3.1/thumb/v7-m/nofp/crtn.o
OUTPUT(project.elf elf32-littlearm)
LOAD linker stubs
LOAD /Applications/STM32CubeIDE.app/Contents/Eclipse/plugins/com.st.stm32cube.ide.mcu.externaltools.gnu-tools-for-stm32.10.3-2021.10.macos64_1.0.0.202111181127/tools/bin/../lib/gcc/arm-none-eabi/10.3.1/../../../../arm-none-eabi/lib/thumb/v7-m/nofp/libc.a
LOAD /Applications/STM32CubeIDE.app/Contents/Eclipse/plugins/com.st.stm32cube.ide.mcu.externaltools.gnu-tools-for-stm32.10.3-2021.10.macos64_1.0.0.202111181127/tools/bin/../lib/gcc/arm-none-eabi/10.3.1/../../../../arm-none-eabi/lib/thumb/v7-m/nofp/libm.a
LOAD /Applications/STM32CubeIDE.app/Contents/Eclipse/plugins/com.st.stm32cube.ide.mcu.externaltools.gnu-tools-for-stm32.10.3-2021.10.macos64_1.0.0.202111181127/tools/bin/../lib/gcc/arm-none-eabi/10.3.1/thumb/v7-m/nofp/libgcc.a

.debug_info     0x0000000000000000    0x10a01
 .debug_info    0x0000000000000000      0x783 ./Core/Src/lcd.o
 .debug_info    0x0000000000000783     0x20bc ./Core/Src/main.o
 .debug_info    0x000000000000283f      0x6fa ./Core/Src/max_matrix_stm32.o
 .debug_info    0x0000000000002f39     0x1492 ./Core/Src/stm32f1xx_hal_msp.o
 .debug_info    0x00000000000043cb      0x632 ./Core/Src/stm32f1xx_it.o
 .debug_info    0x00000000000049fd      0x171 ./Core/Src/sysmem.o
 .debug_info    0x0000000000004b6e      0x23d ./Core/Src/system_stm32f1xx.o
 .debug_info    0x0000000000004dab       0x22 ./Core/Startup/startup_stm32f103vetx.o
 .debug_info    0x0000000000004dcd      0x79a ./Drivers/STM32F1xx_HAL_Driver/Src/stm32f1xx_hal.o
 .debug_info    0x0000000000005567      0xb86 ./Drivers/STM32F1xx_HAL_Driver/Src/stm32f1xx_hal_cortex.o
 .debug_info    0x00000000000060ed      0x73f ./Drivers/STM32F1xx_HAL_Driver/Src/stm32f1xx_hal_dma.o
 .debug_info    0x000000000000682c      0x615 ./Drivers/STM32F1xx_HAL_Driver/Src/stm32f1xx_hal_gpio.o
 .debug_info    0x0000000000006e41     0x2734 ./Drivers/STM32F1xx_HAL_Driver/Src/stm32f1xx_hal_i2c.o
 .debug_info    0x0000000000009575      0x860 ./Drivers/STM32F1xx_HAL_Driver/Src/stm32f1xx_hal_rcc.o
 .debug_info    0x0000000000009dd5      0xd5b ./Drivers/STM32F1xx_HAL_Driver/Src/stm32f1xx_hal_sram.o
 .debug_info    0x000000000000ab30     0x29de ./Drivers/STM32F1xx_HAL_Driver/Src/stm32f1xx_hal_tim.o
 .debug_info    0x000000000000d50e     0x1513 ./Drivers/STM32F1xx_HAL_Driver/Src/stm32f1xx_hal_tim_ex.o
 .debug_info    0x000000000000ea21     0x15d8 ./Drivers/STM32F1xx_HAL_Driver/Src/stm32f1xx_hal_uart.o
 .debug_info    0x000000000000fff9      0xa08 ./Drivers/STM32F1xx_HAL_Driver/Src/stm32f1xx_ll_fsmc.o

.debug_abbrev   0x0000000000000000     0x25e3
 .debug_abbrev  0x0000000000000000      0x218 ./Core/Src/lcd.o
 .debug_abbrev  0x0000000000000218      0x35d ./Core/Src/main.o
 .debug_abbrev  0x0000000000000575      0x208 ./Core/Src/max_matrix_stm32.o
 .debug_abbrev  0x000000000000077d      0x251 ./Core/Src/stm32f1xx_hal_msp.o
 .debug_abbrev  0x00000000000009ce      0x174 ./Core/Src/stm32f1xx_it.o
 .debug_abbrev  0x0000000000000b42       0xbb ./Core/Src/sysmem.o
 .debug_abbrev  0x0000000000000bfd      0x13b ./Core/Src/system_stm32f1xx.o
 .debug_abbrev  0x0000000000000d38       0x12 ./Core/Startup/startup_stm32f103vetx.o
 .debug_abbrev  0x0000000000000d4a      0x1fb ./Drivers/STM32F1xx_HAL_Driver/Src/stm32f1xx_hal.o
 .debug_abbrev  0x0000000000000f45      0x2ed ./Drivers/STM32F1xx_HAL_Driver/Src/stm32f1xx_hal_cortex.o
 .debug_abbrev  0x0000000000001232      0x1fe ./Drivers/STM32F1xx_HAL_Driver/Src/stm32f1xx_hal_dma.o
 .debug_abbrev  0x0000000000001430      0x1bb ./Drivers/STM32F1xx_HAL_Driver/Src/stm32f1xx_hal_gpio.o
 .debug_abbrev  0x00000000000015eb      0x288 ./Drivers/STM32F1xx_HAL_Driver/Src/stm32f1xx_hal_i2c.o
 .debug_abbrev  0x0000000000001873      0x2a8 ./Drivers/STM32F1xx_HAL_Driver/Src/stm32f1xx_hal_rcc.o
 .debug_abbrev  0x0000000000001b1b      0x1f8 ./Drivers/STM32F1xx_HAL_Driver/Src/stm32f1xx_hal_sram.o
 .debug_abbrev  0x0000000000001d13      0x25d ./Drivers/STM32F1xx_HAL_Driver/Src/stm32f1xx_hal_tim.o
 .debug_abbrev  0x0000000000001f70      0x265 ./Drivers/STM32F1xx_HAL_Driver/Src/stm32f1xx_hal_tim_ex.o
 .debug_abbrev  0x00000000000021d5      0x278 ./Drivers/STM32F1xx_HAL_Driver/Src/stm32f1xx_hal_uart.o
 .debug_abbrev  0x000000000000244d      0x196 ./Drivers/STM32F1xx_HAL_Driver/Src/stm32f1xx_ll_fsmc.o

.debug_aranges  0x0000000000000000     0x1170
 .debug_aranges
                0x0000000000000000       0xa8 ./Core/Src/lcd.o
 .debug_aranges
                0x00000000000000a8       0x78 ./Core/Src/main.o
 .debug_aranges
                0x0000000000000120       0x78 ./Core/Src/max_matrix_stm32.o
 .debug_aranges
                0x0000000000000198       0x78 ./Core/Src/stm32f1xx_hal_msp.o
 .debug_aranges
                0x0000000000000210       0x70 ./Core/Src/stm32f1xx_it.o
 .debug_aranges
                0x0000000000000280       0x20 ./Core/Src/sysmem.o
 .debug_aranges
                0x00000000000002a0       0x28 ./Core/Src/system_stm32f1xx.o
 .debug_aranges
                0x00000000000002c8       0x28 ./Core/Startup/startup_stm32f103vetx.o
 .debug_aranges
                0x00000000000002f0       0xe0 ./Drivers/STM32F1xx_HAL_Driver/Src/stm32f1xx_hal.o
 .debug_aranges
                0x00000000000003d0      0x100 ./Drivers/STM32F1xx_HAL_Driver/Src/stm32f1xx_hal_cortex.o
 .debug_aranges
                0x00000000000004d0       0x80 ./Drivers/STM32F1xx_HAL_Driver/Src/stm32f1xx_hal_dma.o
 .debug_aranges
                0x0000000000000550       0x58 ./Drivers/STM32F1xx_HAL_Driver/Src/stm32f1xx_hal_gpio.o
 .debug_aranges
                0x00000000000005a8      0x2a0 ./Drivers/STM32F1xx_HAL_Driver/Src/stm32f1xx_hal_i2c.o
 .debug_aranges
                0x0000000000000848       0x90 ./Drivers/STM32F1xx_HAL_Driver/Src/stm32f1xx_hal_rcc.o
 .debug_aranges
                0x00000000000008d8       0xb8 ./Drivers/STM32F1xx_HAL_Driver/Src/stm32f1xx_hal_sram.o
 .debug_aranges
                0x0000000000000990      0x3d0 ./Drivers/STM32F1xx_HAL_Driver/Src/stm32f1xx_hal_tim.o
 .debug_aranges
                0x0000000000000d60      0x168 ./Drivers/STM32F1xx_HAL_Driver/Src/stm32f1xx_hal_tim_ex.o
 .debug_aranges
                0x0000000000000ec8      0x200 ./Drivers/STM32F1xx_HAL_Driver/Src/stm32f1xx_hal_uart.o
 .debug_aranges
                0x00000000000010c8       0xa8 ./Drivers/STM32F1xx_HAL_Driver/Src/stm32f1xx_ll_fsmc.o

.debug_ranges   0x0000000000000000     0x10b8
 .debug_ranges  0x0000000000000000       0x98 ./Core/Src/lcd.o
 .debug_ranges  0x0000000000000098       0x80 ./Core/Src/main.o
 .debug_ranges  0x0000000000000118       0x68 ./Core/Src/max_matrix_stm32.o
 .debug_ranges  0x0000000000000180       0x68 ./Core/Src/stm32f1xx_hal_msp.o
 .debug_ranges  0x00000000000001e8       0x60 ./Core/Src/stm32f1xx_it.o
 .debug_ranges  0x0000000000000248       0x10 ./Core/Src/sysmem.o
 .debug_ranges  0x0000000000000258       0x18 ./Core/Src/system_stm32f1xx.o
 .debug_ranges  0x0000000000000270       0x20 ./Core/Startup/startup_stm32f103vetx.o
 .debug_ranges  0x0000000000000290       0xd0 ./Drivers/STM32F1xx_HAL_Driver/Src/stm32f1xx_hal.o
 .debug_ranges  0x0000000000000360       0xf0 ./Drivers/STM32F1xx_HAL_Driver/Src/stm32f1xx_hal_cortex.o
 .debug_ranges  0x0000000000000450       0x70 ./Drivers/STM32F1xx_HAL_Driver/Src/stm32f1xx_hal_dma.o
 .debug_ranges  0x00000000000004c0       0x48 ./Drivers/STM32F1xx_HAL_Driver/Src/stm32f1xx_hal_gpio.o
 .debug_ranges  0x0000000000000508      0x2b8 ./Drivers/STM32F1xx_HAL_Driver/Src/stm32f1xx_hal_i2c.o
 .debug_ranges  0x00000000000007c0       0x80 ./Drivers/STM32F1xx_HAL_Driver/Src/stm32f1xx_hal_rcc.o
 .debug_ranges  0x0000000000000840       0xa8 ./Drivers/STM32F1xx_HAL_Driver/Src/stm32f1xx_hal_sram.o
 .debug_ranges  0x00000000000008e8      0x3c0 ./Drivers/STM32F1xx_HAL_Driver/Src/stm32f1xx_hal_tim.o
 .debug_ranges  0x0000000000000ca8      0x158 ./Drivers/STM32F1xx_HAL_Driver/Src/stm32f1xx_hal_tim_ex.o
 .debug_ranges  0x0000000000000e00      0x220 ./Drivers/STM32F1xx_HAL_Driver/Src/stm32f1xx_hal_uart.o
 .debug_ranges  0x0000000000001020       0x98 ./Drivers/STM32F1xx_HAL_Driver/Src/stm32f1xx_ll_fsmc.o

.debug_macro    0x0000000000000000    0x19710
 .debug_macro   0x0000000000000000      0x1e0 ./Core/Src/lcd.o
 .debug_macro   0x00000000000001e0      0x227 ./Core/Src/lcd.o
 .debug_macro   0x0000000000000407       0x2e ./Core/Src/lcd.o
 .debug_macro   0x0000000000000435       0x22 ./Core/Src/lcd.o
 .debug_macro   0x0000000000000457       0x1c ./Core/Src/lcd.o
 .debug_macro   0x0000000000000473       0x22 ./Core/Src/lcd.o
 .debug_macro   0x0000000000000495       0xbd ./Core/Src/lcd.o
 .debug_macro   0x0000000000000552      0xd23 ./Core/Src/lcd.o
 .debug_macro   0x0000000000001275     0xfd8c ./Core/Src/lcd.o
 .debug_macro   0x0000000000011001       0x6d ./Core/Src/lcd.o
 .debug_macro   0x000000000001106e     0x3468 ./Core/Src/lcd.o
 .debug_macro   0x00000000000144d6       0x5c ./Core/Src/lcd.o
 .debug_macro   0x0000000000014532      0x5be ./Core/Src/lcd.o
 .debug_macro   0x0000000000014af0      0x4d5 ./Core/Src/lcd.o
 .debug_macro   0x0000000000014fc5      0x1cb ./Core/Src/lcd.o
 .debug_macro   0x0000000000015190      0x114 ./Core/Src/lcd.o
 .debug_macro   0x00000000000152a4      0x1ea ./Core/Src/lcd.o
 .debug_macro   0x000000000001548e       0x27 ./Core/Src/lcd.o
 .debug_macro   0x00000000000154b5      0x144 ./Core/Src/lcd.o
 .debug_macro   0x00000000000155f9      0x1bc ./Core/Src/lcd.o
 .debug_macro   0x00000000000157b5       0x30 ./Core/Src/lcd.o
 .debug_macro   0x00000000000157e5       0x3c ./Core/Src/lcd.o
 .debug_macro   0x0000000000015821       0x57 ./Core/Src/lcd.o
 .debug_macro   0x0000000000015878       0x88 ./Core/Src/lcd.o
 .debug_macro   0x0000000000015900      0x24f ./Core/Src/lcd.o
 .debug_macro   0x0000000000015b4f      0x356 ./Core/Src/lcd.o
 .debug_macro   0x0000000000015ea5      0x287 ./Core/Src/lcd.o
 .debug_macro   0x000000000001612c      0x141 ./Core/Src/lcd.o
 .debug_macro   0x000000000001626d      0x8d1 ./Core/Src/lcd.o
 .debug_macro   0x0000000000016b3e      0x279 ./Core/Src/lcd.o
 .debug_macro   0x0000000000016db7       0xb5 ./Core/Src/lcd.o
 .debug_macro   0x0000000000016e6c       0xd0 ./Core/Src/lcd.o
 .debug_macro   0x0000000000016f3c      0x36e ./Core/Src/main.o
 .debug_macro   0x00000000000172aa       0x28 ./Core/Src/main.o
 .debug_macro   0x00000000000172d2       0xd6 ./Core/Src/main.o
 .debug_macro   0x00000000000173a8       0x16 ./Core/Src/main.o
 .debug_macro   0x00000000000173be       0x10 ./Core/Src/main.o
 .debug_macro   0x00000000000173ce       0x10 ./Core/Src/main.o
 .debug_macro   0x00000000000173de       0x1c ./Core/Src/main.o
 .debug_macro   0x00000000000173fa       0x52 ./Core/Src/main.o
 .debug_macro   0x000000000001744c       0x22 ./Core/Src/main.o
 .debug_macro   0x000000000001746e       0x10 ./Core/Src/main.o
 .debug_macro   0x000000000001747e       0x52 ./Core/Src/main.o
 .debug_macro   0x00000000000174d0       0xd5 ./Core/Src/main.o
 .debug_macro   0x00000000000175a5       0x1c ./Core/Src/main.o
 .debug_macro   0x00000000000175c1       0x3d ./Core/Src/main.o
 .debug_macro   0x00000000000175fe       0x16 ./Core/Src/main.o
 .debug_macro   0x0000000000017614      0x145 ./Core/Src/main.o
 .debug_macro   0x0000000000017759      0x1e8 ./Core/Src/max_matrix_stm32.o
 .debug_macro   0x0000000000017941       0x22 ./Core/Src/max_matrix_stm32.o
 .debug_macro   0x0000000000017963       0x46 ./Core/Src/max_matrix_stm32.o
 .debug_macro   0x00000000000179a9      0x1d6 ./Core/Src/stm32f1xx_hal_msp.o
 .debug_macro   0x0000000000017b7f      0x1e0 ./Core/Src/stm32f1xx_it.o
 .debug_macro   0x0000000000017d5f       0xff ./Core/Src/sysmem.o
 .debug_macro   0x0000000000017e5e      0x23b ./Core/Src/sysmem.o
 .debug_macro   0x0000000000018099      0x1c7 ./Core/Src/system_stm32f1xx.o
 .debug_macro   0x0000000000018260      0x1eb ./Drivers/STM32F1xx_HAL_Driver/Src/stm32f1xx_hal.o
 .debug_macro   0x000000000001844b      0x1c7 ./Drivers/STM32F1xx_HAL_Driver/Src/stm32f1xx_hal_cortex.o
 .debug_macro   0x0000000000018612      0x1c7 ./Drivers/STM32F1xx_HAL_Driver/Src/stm32f1xx_hal_dma.o
 .debug_macro   0x00000000000187d9      0x232 ./Drivers/STM32F1xx_HAL_Driver/Src/stm32f1xx_hal_gpio.o
 .debug_macro   0x0000000000018a0b      0x20e ./Drivers/STM32F1xx_HAL_Driver/Src/stm32f1xx_hal_i2c.o
 .debug_macro   0x0000000000018c19      0x1d9 ./Drivers/STM32F1xx_HAL_Driver/Src/stm32f1xx_hal_rcc.o
 .debug_macro   0x0000000000018df2      0x1c7 ./Drivers/STM32F1xx_HAL_Driver/Src/stm32f1xx_hal_sram.o
 .debug_macro   0x0000000000018fb9      0x1c8 ./Drivers/STM32F1xx_HAL_Driver/Src/stm32f1xx_hal_tim.o
 .debug_macro   0x0000000000019181      0x1c7 ./Drivers/STM32F1xx_HAL_Driver/Src/stm32f1xx_hal_tim_ex.o
 .debug_macro   0x0000000000019348      0x1c8 ./Drivers/STM32F1xx_HAL_Driver/Src/stm32f1xx_hal_uart.o
 .debug_macro   0x0000000000019510      0x200 ./Drivers/STM32F1xx_HAL_Driver/Src/stm32f1xx_ll_fsmc.o

.debug_line     0x0000000000000000    0x13cf5
 .debug_line    0x0000000000000000      0xbb3 ./Core/Src/lcd.o
 .debug_line    0x0000000000000bb3      0xe62 ./Core/Src/main.o
 .debug_line    0x0000000000001a15      0xb40 ./Core/Src/max_matrix_stm32.o
 .debug_line    0x0000000000002555      0x8c6 ./Core/Src/stm32f1xx_hal_msp.o
 .debug_line    0x0000000000002e1b      0x7d6 ./Core/Src/stm32f1xx_it.o
 .debug_line    0x00000000000035f1      0x521 ./Core/Src/sysmem.o
 .debug_line    0x0000000000003b12      0x762 ./Core/Src/system_stm32f1xx.o
 .debug_line    0x0000000000004274       0x87 ./Core/Startup/startup_stm32f103vetx.o
 .debug_line    0x00000000000042fb      0x98f ./Drivers/STM32F1xx_HAL_Driver/Src/stm32f1xx_hal.o
 .debug_line    0x0000000000004c8a      0xb77 ./Drivers/STM32F1xx_HAL_Driver/Src/stm32f1xx_hal_cortex.o
 .debug_line    0x0000000000005801     0x12b9 ./Drivers/STM32F1xx_HAL_Driver/Src/stm32f1xx_hal_dma.o
 .debug_line    0x0000000000006aba      0xa4e ./Drivers/STM32F1xx_HAL_Driver/Src/stm32f1xx_hal_gpio.o
 .debug_line    0x0000000000007508     0x3a79 ./Drivers/STM32F1xx_HAL_Driver/Src/stm32f1xx_hal_i2c.o
 .debug_line    0x000000000000af81      0xd9d ./Drivers/STM32F1xx_HAL_Driver/Src/stm32f1xx_hal_rcc.o
 .debug_line    0x000000000000bd1e      0xd02 ./Drivers/STM32F1xx_HAL_Driver/Src/stm32f1xx_hal_sram.o
 .debug_line    0x000000000000ca20     0x3563 ./Drivers/STM32F1xx_HAL_Driver/Src/stm32f1xx_hal_tim.o
 .debug_line    0x000000000000ff83     0x191b ./Drivers/STM32F1xx_HAL_Driver/Src/stm32f1xx_hal_tim_ex.o
 .debug_line    0x000000000001189e     0x1a6a ./Drivers/STM32F1xx_HAL_Driver/Src/stm32f1xx_hal_uart.o
 .debug_line    0x0000000000013308      0x9ed ./Drivers/STM32F1xx_HAL_Driver/Src/stm32f1xx_ll_fsmc.o

.debug_str      0x0000000000000000    0x9ea1a
 .debug_str     0x0000000000000000    0x9534c ./Core/Src/lcd.o
                                      0x95769 (size before relaxing)
 .debug_str     0x000000000009534c     0x548d ./Core/Src/main.o
                                      0x9ac6a (size before relaxing)
 .debug_str     0x000000000009a7d9      0x225 ./Core/Src/max_matrix_stm32.o
                                      0x95504 (size before relaxing)
 .debug_str     0x000000000009a9fe      0x148 ./Core/Src/stm32f1xx_hal_msp.o
                                      0x962c9 (size before relaxing)
 .debug_str     0x000000000009ab46      0x11b ./Core/Src/stm32f1xx_it.o
                                      0x956e9 (size before relaxing)
 .debug_str     0x000000000009ac61      0x4da ./Core/Src/sysmem.o
                                       0x5d50 (size before relaxing)
 .debug_str     0x000000000009b13b       0x7e ./Core/Src/system_stm32f1xx.o
                                      0x95235 (size before relaxing)
 .debug_str     0x000000000009b1b9       0x36 ./Core/Startup/startup_stm32f103vetx.o
                                         0x6a (size before relaxing)
 .debug_str     0x000000000009b1ef      0x378 ./Drivers/STM32F1xx_HAL_Driver/Src/stm32f1xx_hal.o
                                      0x95a4c (size before relaxing)
 .debug_str     0x000000000009b567      0x28a ./Drivers/STM32F1xx_HAL_Driver/Src/stm32f1xx_hal_cortex.o
                                      0x95998 (size before relaxing)
 .debug_str     0x000000000009b7f1      0x235 ./Drivers/STM32F1xx_HAL_Driver/Src/stm32f1xx_hal_dma.o