../Core/Src/main.c:101:6:HAL_UART_RxCpltCallback	16	static
../Core/Src/main.c:117:6:HAL_GPIO_EXTI_Callback	24	static
../Core/Src/main.c:136:6:check_bike_stopped	16	static
../Core/Src/main.c:161:5:main	216	static
../Core/Src/main.c:488:6:SystemClock_Config	72	static
../Core/Src/main.c:528:13:MX_I2C2_Init	8	static
../Core/Src/main.c:562:13:MX_TIM1_Init	96	static
../Core/Src/main.c:637:13:MX_TIM3_Init	64	static
../Core/Src/main.c:697:13:MX_USART2_UART_Init	8	static
../Core/Src/main.c:730:13:MX_GPIO_Init	48	static
../Core/Src/main.c:800:13:MX_FSMC_Init	40	static
../Core/Src/main.c:864:6:Error_Handler	4	static,ignoring_inline_asm
