../Core/Src/stm32f1xx_hal_msp.c:65:6:HAL_MspInit	24	static
../Core/Src/stm32f1xx_hal_msp.c:91:6:HAL_I2C_MspInit	40	static
../Core/Src/stm32f1xx_hal_msp.c:125:6:HAL_I2C_MspDeInit	16	static
../Core/Src/stm32f1xx_hal_msp.c:156:6:HAL_TIM_Base_MspInit	24	static
../Core/Src/stm32f1xx_hal_msp.c:183:6:HAL_TIM_MspPostInit	48	static
../Core/Src/stm32f1xx_hal_msp.c:233:6:HAL_TIM_Base_MspDeInit	16	static
../Core/Src/stm32f1xx_hal_msp.c:266:6:HAL_UART_MspInit	40	static
../Core/Src/stm32f1xx_hal_msp.c:308:6:HAL_UART_MspDeInit	16	static
../Core/Src/stm32f1xx_hal_msp.c:335:13:HAL_FSMC_MspInit	32	static
../Core/Src/stm32f1xx_hal_msp.c:389:6:HAL_SRAM_MspInit	16	static
../Core/Src/stm32f1xx_hal_msp.c:401:13:HAL_FSMC_MspDeInit	8	static
../Core/Src/stm32f1xx_hal_msp.c:447:6:HAL_SRAM_MspDeInit	16	static
